[run_ml_superb_ssl_full] Languages with data:  eng1
[run_ml_superb_ssl_full] Applying s3prl patch (idempotent)...
Patching s3prl at /Data/janis.aiad/snlp/.venv/lib/python3.13/site-packages/s3prl
  byol_a/common.py: patched
  roberta/roberta_model.py: patched
  mos_prediction/expert.py: patched
[run_ml_superb_ssl_full] Starting grid:  eng1 x 10min 1h
[run_ml_superb_ssl] REPO_ROOT=/Data/janis.aiad/snlp
[run_ml_superb_ssl] RECIPE_DIR=/Data/janis.aiad/snlp/models/espnet/egs2/ml_superb/asr1
[run_ml_superb_ssl] LANGS= eng1 DURATIONS=10min 1h SKIP_DATA=false DRY_RUN=false
[INFO] /Data/janis.aiad/snlp/models/espnet/egs2/ml_superb/asr1/../../../tools/activate_python.sh is not present
[run_ml_superb_ssl] MLSUPERB=/Data/janis.aiad/snlp/data/ml_superb
[data eng1 10min] Running stages 1-4 (data prep)...
Running ML-SUPERB mono: lang=eng1 duration=10min asr_config=conf/tuning/train_asr_fbank_single.yaml (stage 1..4)
2026-03-12T17:41:55 (asr.sh:285:main) ./asr.sh --ngpu 1 --stage 1 --stop_stage 4 --nj 4 --inference_nj 2 --gpu_inference false --lang eng1 --inference_asr_model valid.loss.ave.pth --local_data_opts --duration 10min --lid false --multilingual false --single_lang eng1 --use_lm false --token_type char --feats_type raw --feats_normalize utterance_mvn --asr_config conf/tuning/train_asr_fbank_single.yaml --inference_config conf/decode_asr.yaml --train_set train_10min_eng1 --valid_set dev_10min_eng1 --test_sets dev_10min_eng1 test_10min_eng1 --asr_tag train_asr_fbank_single_eng1_10min --expdir exp --asr_stats_dir exp/asr_stats_eng1_10min --local_score_opts false false monolingual
[INFO] /Data/janis.aiad/snlp/models/espnet/egs2/ml_superb/asr1/../../../tools/activate_python.sh is not present
2026-03-12T17:41:55 (asr.sh:323:main) Info: The valid_set 'dev_10min_eng1' is included in the test_sets. '--eval_valid_set true' is set and 'dev_10min_eng1' is removed from the test_sets
2026-03-12T17:41:55 (asr.sh:566:main) Skipped stages:  6 7 8 9 14 15 
2026-03-12T17:41:55 (asr.sh:573:main) Stage 1: Data preparation for data/train_10min_eng1, data/dev_10min_eng1, etc.
[INFO] /Data/janis.aiad/snlp/models/espnet/egs2/ml_superb/asr1/../../../tools/activate_python.sh is not present
2026-03-12T17:41:55 (data.sh:42:main) data preparation started
2026-03-12T17:41:55 (data.sh:45:main) stage1: Download data to /Data/janis.aiad/snlp/data/ml_superb
2026-03-12T17:41:55 (data.sh:46:main) Please use the download link in readme and set the MLSUPERB as its unzipped path.
2026-03-12T17:41:55 (data.sh:50:main) stage2: Preparing data for multilingual SUPERB
1 languages processed, 
eng 1 mls
fix_data_dir.sh: kept all 2 utterances.
fix_data_dir.sh: old files are kept in data/train_10min_eng1/.backup
fix_data_dir.sh: kept all 1 utterances.
fix_data_dir.sh: old files are kept in data/dev_10min_eng1/.backup
fix_data_dir.sh: kept all 1 utterances.
fix_data_dir.sh: old files are kept in data/test_10min_eng1/.backup
2026-03-12T17:41:56 (data.sh:132:main) stage3: Create non-linguistic symbols for language ID
2026-03-12T17:41:56 (data.sh:140:main) no non-linguistic symbols needed
2026-03-12T17:41:56 (data.sh:145:main) Successfully finished. [elapsed=1s]
2026-03-12T17:41:56 (asr.sh:597:main) Skip stage 2: Speed perturbation
2026-03-12T17:41:56 (asr.sh:616:main) Stage 3: Format wav.scp: data/ -> dump/raw
utils/copy_data_dir.sh: copied data from data/train_10min_eng1 to dump/raw/org/train_10min_eng1
utils/validate_data_dir.sh: Successfully validated data-directory dump/raw/org/train_10min_eng1
2026-03-12T17:41:56 (format_wav_scp.sh:46:main) scripts/audio/format_wav_scp.sh --nj 4 --cmd run.pl --audio-format flac --fs 16k --multi-columns-input false --multi-columns-output false data/train_10min_eng1/wav.scp dump/raw/org/train_10min_eng1
[INFO] /Data/janis.aiad/snlp/models/espnet/egs2/ml_superb/asr1/../../../tools/activate_python.sh is not present
2026-03-12T17:41:56 (format_wav_scp.sh:118:main) [info]: without segments
2026-03-12T17:41:57 (format_wav_scp.sh:153:main) Successfully finished. [elapsed=1s]
utils/copy_data_dir.sh: copied data from data/dev_10min_eng1 to dump/raw/org/dev_10min_eng1
utils/validate_data_dir.sh: WARNING: you have only one speaker.  This probably a bad idea.
   Search for the word 'bold' in http://kaldi-asr.org/doc/data_prep.html
   for more information.
utils/validate_data_dir.sh: Successfully validated data-directory dump/raw/org/dev_10min_eng1
2026-03-12T17:41:57 (format_wav_scp.sh:46:main) scripts/audio/format_wav_scp.sh --nj 4 --cmd run.pl --audio-format flac --fs 16k --multi-columns-input false --multi-columns-output false data/dev_10min_eng1/wav.scp dump/raw/org/dev_10min_eng1
[INFO] /Data/janis.aiad/snlp/models/espnet/egs2/ml_superb/asr1/../../../tools/activate_python.sh is not present
2026-03-12T17:41:57 (format_wav_scp.sh:118:main) [info]: without segments
2026-03-12T17:41:57 (format_wav_scp.sh:153:main) Successfully finished. [elapsed=0s]
utils/copy_data_dir.sh: copied data from data/test_10min_eng1 to dump/raw/test_10min_eng1
utils/validate_data_dir.sh: WARNING: you have only one speaker.  This probably a bad idea.
   Search for the word 'bold' in http://kaldi-asr.org/doc/data_prep.html
   for more information.
utils/validate_data_dir.sh: Successfully validated data-directory dump/raw/test_10min_eng1
2026-03-12T17:41:57 (format_wav_scp.sh:46:main) scripts/audio/format_wav_scp.sh --nj 4 --cmd run.pl --audio-format flac --fs 16k --multi-columns-input false --multi-columns-output false data/test_10min_eng1/wav.scp dump/raw/test_10min_eng1
[INFO] /Data/janis.aiad/snlp/models/espnet/egs2/ml_superb/asr1/../../../tools/activate_python.sh is not present
2026-03-12T17:41:57 (format_wav_scp.sh:118:main) [info]: without segments
2026-03-12T17:41:58 (format_wav_scp.sh:153:main) Successfully finished. [elapsed=1s]
2026-03-12T17:41:58 (asr.sh:801:main) Stage 4: Remove long/short data: dump/raw/org -> dump/raw
utils/copy_data_dir.sh: copied data from dump/raw/org/train_10min_eng1 to dump/raw/train_10min_eng1
utils/validate_data_dir.sh: Successfully validated data-directory dump/raw/train_10min_eng1
fix_data_dir.sh: kept all 2 utterances.
fix_data_dir.sh: old files are kept in dump/raw/train_10min_eng1/.backup
utils/copy_data_dir.sh: copied data from dump/raw/org/dev_10min_eng1 to dump/raw/dev_10min_eng1
utils/validate_data_dir.sh: WARNING: you have only one speaker.  This probably a bad idea.
   Search for the word 'bold' in http://kaldi-asr.org/doc/data_prep.html
   for more information.
utils/validate_data_dir.sh: Successfully validated data-directory dump/raw/dev_10min_eng1
fix_data_dir.sh: kept all 1 utterances.
fix_data_dir.sh: old files are kept in dump/raw/dev_10min_eng1/.backup
2026-03-12T17:41:59 (asr.sh:1842:main) Successfully finished. [elapsed=4s]
Done. Check exp/train_asr_fbank_single_eng1_10min/ and decode logs for CER.
[data eng1 1h] Running stages 1-4 (data prep)...
Running ML-SUPERB mono: lang=eng1 duration=1h asr_config=conf/tuning/train_asr_fbank_single.yaml (stage 1..4)
2026-03-12T17:41:59 (asr.sh:285:main) ./asr.sh --ngpu 1 --stage 1 --stop_stage 4 --nj 4 --inference_nj 2 --gpu_inference false --lang eng1 --inference_asr_model valid.loss.ave.pth --local_data_opts --duration 1h --lid false --multilingual false --single_lang eng1 --use_lm false --token_type char --feats_type raw --feats_normalize utterance_mvn --asr_config conf/tuning/train_asr_fbank_single.yaml --inference_config conf/decode_asr.yaml --train_set train_1h_eng1 --valid_set dev_10min_eng1 --test_sets dev_10min_eng1 test_10min_eng1 --asr_tag train_asr_fbank_single_eng1_1h --expdir exp --asr_stats_dir exp/asr_stats_eng1_1h --local_score_opts false false monolingual
[INFO] /Data/janis.aiad/snlp/models/espnet/egs2/ml_superb/asr1/../../../tools/activate_python.sh is not present
2026-03-12T17:41:59 (asr.sh:323:main) Info: The valid_set 'dev_10min_eng1' is included in the test_sets. '--eval_valid_set true' is set and 'dev_10min_eng1' is removed from the test_sets
2026-03-12T17:41:59 (asr.sh:566:main) Skipped stages:  6 7 8 9 14 15 
2026-03-12T17:41:59 (asr.sh:573:main) Stage 1: Data preparation for data/train_1h_eng1, data/dev_10min_eng1, etc.
[INFO] /Data/janis.aiad/snlp/models/espnet/egs2/ml_superb/asr1/../../../tools/activate_python.sh is not present
2026-03-12T17:41:59 (data.sh:42:main) data preparation started
2026-03-12T17:41:59 (data.sh:45:main) stage1: Download data to /Data/janis.aiad/snlp/data/ml_superb
2026-03-12T17:41:59 (data.sh:46:main) Please use the download link in readme and set the MLSUPERB as its unzipped path.
2026-03-12T17:41:59 (data.sh:50:main) stage2: Preparing data for multilingual SUPERB
Traceback (most recent call last):
  File "/Data/janis.aiad/snlp/models/espnet/egs2/ml_superb/asr1/local/single_lang_data_prep.py", line 135, in <module>
    train_transcript = open(
        os.path.join(
    ...<6 lines>...
        encoding="utf-8",
    )
FileNotFoundError: [Errno 2] No such file or directory: '/Data/janis.aiad/snlp/data/ml_superb/mls/eng/transcript_1h_train.txt'
