[run_ml_superb_ssl] REPO_ROOT=/Data/janis.aiad/snlp
[run_ml_superb_ssl] RECIPE_DIR=/Data/janis.aiad/snlp/models/espnet/egs2/ml_superb/asr1
[run_ml_superb_ssl] LANGS=eng1 DURATIONS=1h SKIP_DATA=false DRY_RUN=false
[INFO] /Data/janis.aiad/snlp/models/espnet/egs2/ml_superb/asr1/../../../tools/activate_python.sh is not present
[run_ml_superb_ssl] MLSUPERB=/Data/janis.aiad/snlp/data/ml_superb
[data eng1 1h] Running stages 1-4 (data prep)...
Running ML-SUPERB mono: lang=eng1 duration=1h asr_config=conf/tuning/train_asr_fbank_single.yaml (stage 1..4)
2026-03-12T21:39:52 (asr.sh:285:main) ./asr.sh --ngpu 1 --stage 1 --stop_stage 4 --nj 4 --inference_nj 2 --gpu_inference false --lang eng1 --inference_asr_model valid.loss.ave.pth --local_data_opts --duration 1h --lid false --multilingual false --single_lang eng1 --use_lm false --token_type char --feats_type raw --feats_normalize utterance_mvn --asr_config conf/tuning/train_asr_fbank_single.yaml --inference_config conf/decode_asr.yaml --train_set train_1h_eng1 --valid_set dev_10min_eng1 --test_sets dev_10min_eng1 test_10min_eng1 --asr_tag train_asr_fbank_single_eng1_1h --expdir exp --asr_stats_dir exp/asr_stats_eng1_1h --local_score_opts false false monolingual
[INFO] /Data/janis.aiad/snlp/models/espnet/egs2/ml_superb/asr1/../../../tools/activate_python.sh is not present
2026-03-12T21:39:52 (asr.sh:323:main) Info: The valid_set 'dev_10min_eng1' is included in the test_sets. '--eval_valid_set true' is set and 'dev_10min_eng1' is removed from the test_sets
2026-03-12T21:39:52 (asr.sh:566:main) Skipped stages:  6 7 8 9 14 15 
2026-03-12T21:39:52 (asr.sh:573:main) Stage 1: Data preparation for data/train_1h_eng1, data/dev_10min_eng1, etc.
[INFO] /Data/janis.aiad/snlp/models/espnet/egs2/ml_superb/asr1/../../../tools/activate_python.sh is not present
2026-03-12T21:39:53 (data.sh:42:main) data preparation started
2026-03-12T21:39:53 (data.sh:45:main) stage1: Download data to /Data/janis.aiad/snlp/data/ml_superb
2026-03-12T21:39:53 (data.sh:46:main) Please use the download link in readme and set the MLSUPERB as its unzipped path.
2026-03-12T21:39:53 (data.sh:50:main) stage2: Preparing data for multilingual SUPERB
1 languages processed, 
eng 1 mls
fix_data_dir.sh: kept all 2 utterances.
fix_data_dir.sh: old files are kept in data/train_1h_eng1/.backup
fix_data_dir.sh: kept all 1 utterances.
fix_data_dir.sh: old files are kept in data/dev_1h_eng1/.backup
fix_data_dir.sh: kept all 1 utterances.
fix_data_dir.sh: old files are kept in data/test_1h_eng1/.backup
2026-03-12T21:39:53 (data.sh:132:main) stage3: Create non-linguistic symbols for language ID
2026-03-12T21:39:53 (data.sh:140:main) no non-linguistic symbols needed
2026-03-12T21:39:53 (data.sh:145:main) Successfully finished. [elapsed=1s]
2026-03-12T21:39:53 (asr.sh:597:main) Skip stage 2: Speed perturbation
2026-03-12T21:39:53 (asr.sh:616:main) Stage 3: Format wav.scp: data/ -> dump/raw
utils/copy_data_dir.sh: copied data from data/train_1h_eng1 to dump/raw/org/train_1h_eng1
utils/validate_data_dir.sh: Successfully validated data-directory dump/raw/org/train_1h_eng1
2026-03-12T21:39:53 (format_wav_scp.sh:46:main) scripts/audio/format_wav_scp.sh --nj 4 --cmd run.pl --audio-format flac --fs 16k --multi-columns-input false --multi-columns-output false data/train_1h_eng1/wav.scp dump/raw/org/train_1h_eng1
[INFO] /Data/janis.aiad/snlp/models/espnet/egs2/ml_superb/asr1/../../../tools/activate_python.sh is not present
2026-03-12T21:39:54 (format_wav_scp.sh:118:main) [info]: without segments
2026-03-12T21:39:54 (format_wav_scp.sh:153:main) Successfully finished. [elapsed=1s]
utils/copy_data_dir.sh: copied data from data/dev_10min_eng1 to dump/raw/org/dev_10min_eng1
utils/validate_data_dir.sh: WARNING: you have only one speaker.  This probably a bad idea.
   Search for the word 'bold' in http://kaldi-asr.org/doc/data_prep.html
   for more information.
utils/validate_data_dir.sh: Successfully validated data-directory dump/raw/org/dev_10min_eng1
2026-03-12T21:39:54 (format_wav_scp.sh:46:main) scripts/audio/format_wav_scp.sh --nj 4 --cmd run.pl --audio-format flac --fs 16k --multi-columns-input false --multi-columns-output false data/dev_10min_eng1/wav.scp dump/raw/org/dev_10min_eng1
[INFO] /Data/janis.aiad/snlp/models/espnet/egs2/ml_superb/asr1/../../../tools/activate_python.sh is not present
2026-03-12T21:39:54 (format_wav_scp.sh:118:main) [info]: without segments
2026-03-12T21:39:54 (format_wav_scp.sh:153:main) Successfully finished. [elapsed=0s]
utils/copy_data_dir.sh: copied data from data/test_10min_eng1 to dump/raw/test_10min_eng1
utils/validate_data_dir.sh: WARNING: you have only one speaker.  This probably a bad idea.
   Search for the word 'bold' in http://kaldi-asr.org/doc/data_prep.html
   for more information.
utils/validate_data_dir.sh: Successfully validated data-directory dump/raw/test_10min_eng1
2026-03-12T21:39:55 (format_wav_scp.sh:46:main) scripts/audio/format_wav_scp.sh --nj 4 --cmd run.pl --audio-format flac --fs 16k --multi-columns-input false --multi-columns-output false data/test_10min_eng1/wav.scp dump/raw/test_10min_eng1
[INFO] /Data/janis.aiad/snlp/models/espnet/egs2/ml_superb/asr1/../../../tools/activate_python.sh is not present
2026-03-12T21:39:55 (format_wav_scp.sh:118:main) [info]: without segments
2026-03-12T21:39:55 (format_wav_scp.sh:153:main) Successfully finished. [elapsed=0s]
2026-03-12T21:39:55 (asr.sh:801:main) Stage 4: Remove long/short data: dump/raw/org -> dump/raw
utils/copy_data_dir.sh: copied data from dump/raw/org/train_1h_eng1 to dump/raw/train_1h_eng1
utils/validate_data_dir.sh: Successfully validated data-directory dump/raw/train_1h_eng1
fix_data_dir.sh: kept all 2 utterances.
fix_data_dir.sh: old files are kept in dump/raw/train_1h_eng1/.backup
utils/copy_data_dir.sh: copied data from dump/raw/org/dev_10min_eng1 to dump/raw/dev_10min_eng1
utils/validate_data_dir.sh: WARNING: you have only one speaker.  This probably a bad idea.
   Search for the word 'bold' in http://kaldi-asr.org/doc/data_prep.html
   for more information.
utils/validate_data_dir.sh: Successfully validated data-directory dump/raw/dev_10min_eng1
fix_data_dir.sh: kept all 1 utterances.
fix_data_dir.sh: old files are kept in dump/raw/dev_10min_eng1/.backup
2026-03-12T21:39:56 (asr.sh:1842:main) Successfully finished. [elapsed=4s]
Done. Check exp/train_asr_fbank_single_eng1_1h/ and decode logs for CER.
[SSL eng1 1h] Training + decode (conf/tuning/train_asr_s3prl_1h.yaml) -> exp/train_asr_s3prl_1h_eng1_1h
Running ML-SUPERB mono: lang=eng1 duration=1h asr_config=conf/tuning/train_asr_s3prl_1h.yaml (stage 5..13)
2026-03-12T21:39:56 (asr.sh:285:main) ./asr.sh --ngpu 1 --stage 5 --stop_stage 13 --nj 4 --inference_nj 2 --gpu_inference false --lang eng1 --inference_asr_model valid.loss.ave.pth --local_data_opts --duration 1h --lid false --multilingual false --single_lang eng1 --use_lm false --token_type char --feats_type raw --feats_normalize utterance_mvn --asr_config conf/tuning/train_asr_s3prl_1h.yaml --inference_config conf/decode_asr.yaml --train_set train_1h_eng1 --valid_set dev_10min_eng1 --test_sets dev_10min_eng1 test_10min_eng1 --asr_tag train_asr_s3prl_1h_eng1_1h --expdir exp --asr_stats_dir exp/asr_stats_eng1_1h --local_score_opts false false monolingual
[INFO] /Data/janis.aiad/snlp/models/espnet/egs2/ml_superb/asr1/../../../tools/activate_python.sh is not present
2026-03-12T21:39:56 (asr.sh:323:main) Info: The valid_set 'dev_10min_eng1' is included in the test_sets. '--eval_valid_set true' is set and 'dev_10min_eng1' is removed from the test_sets
2026-03-12T21:39:56 (asr.sh:566:main) Skipped stages:  6 7 8 9 14 15 
2026-03-12T21:39:56 (asr.sh:922:main) Stage 5: Generate character level token_list from dump/raw/org/train_1h_eng1/text
/Data/janis.aiad/snlp/.venv/bin/python3 /Data/janis.aiad/snlp/models/espnet/espnet2/bin/tokenize_text.py --token_type char --input dump/raw/lm_train.txt --output data/eng1_token_list/char/tokens.txt --non_linguistic_symbols none --field 2- --cleaner none --g2p none --write_vocabulary true --add_symbol '<blank>:0' --add_symbol '<unk>:1' --add_symbol '<sos/eos>:-1'
2026-03-12 21:39:58,483 (tokenize_text:173) INFO: OOV rate = 0.0 %
2026-03-12T21:39:58 (asr.sh:1191:main) Stage 10: ASR collect stats: train_set=dump/raw/train_1h_eng1, valid_set=dump/raw/dev_10min_eng1
2026-03-12T21:39:58 (asr.sh:1242:main) Generate 'exp/asr_stats_eng1_1h/run.sh'. You can resume the process from stage 10 using this script
2026-03-12T21:39:58 (asr.sh:1246:main) ASR collect-stats started... log: 'exp/asr_stats_eng1_1h/logdir/stats.*.log'
/Data/janis.aiad/snlp/.venv/bin/python3 /Data/janis.aiad/snlp/models/espnet/espnet2/bin/aggregate_stats_dirs.py --input_dir exp/asr_stats_eng1_1h/logdir/stats.1 --skip_sum_stats --output_dir exp/asr_stats_eng1_1h
2026-03-12T21:40:06 (asr.sh:1310:main) Stage 11: ASR Training: train_set=dump/raw/train_1h_eng1, valid_set=dump/raw/dev_10min_eng1
2026-03-12T21:40:06 (asr.sh:1409:main) Generate 'exp/asr_train_asr_s3prl_1h_eng1_1h/run.sh'. You can resume the process from stage 11 using this script
2026-03-12T21:40:06 (asr.sh:1413:main) ASR training started... log: 'exp/asr_train_asr_s3prl_1h_eng1_1h/train.log'
2026-03-12T21:40:06 (asr.sh:1451:main) Use ESPnet trainer
2026-03-12 21:40:06,755 (launch:94) INFO: /Data/janis.aiad/snlp/.venv/bin/python3 /Data/janis.aiad/snlp/models/espnet/espnet2/bin/launch.py --cmd 'run.pl --name exp/asr_train_asr_s3prl_1h_eng1_1h/train.log' --log exp/asr_train_asr_s3prl_1h_eng1_1h/train.log --ngpu 1 --num_nodes 1 --init_file_prefix exp/asr_train_asr_s3prl_1h_eng1_1h/.dist_init_ --multiprocessing_distributed true -- python3 -m espnet2.bin.asr_train --use_preprocessor true --bpemodel none --token_type char --token_list data/eng1_token_list/char/tokens.txt --non_linguistic_symbols none --cleaner none --g2p none --valid_data_path_and_name_and_type dump/raw/dev_10min_eng1/wav.scp,speech,sound --valid_shape_file exp/asr_stats_eng1_1h/valid/speech_shape --resume true --ignore_init_mismatch false --fold_length 80000 --output_dir exp/asr_train_asr_s3prl_1h_eng1_1h --config conf/tuning/train_asr_s3prl_1h.yaml --frontend_conf fs=16k --train_data_path_and_name_and_type dump/raw/train_1h_eng1/wav.scp,speech,sound --train_shape_file exp/asr_stats_eng1_1h/train/speech_shape --fold_length 150 --train_data_path_and_name_and_type dump/raw/train_1h_eng1/text,text,text --train_shape_file exp/asr_stats_eng1_1h/train/text_shape.char --valid_data_path_and_name_and_type dump/raw/dev_10min_eng1/text,text,text --valid_shape_file exp/asr_stats_eng1_1h/valid/text_shape.char
2026-03-12 21:40:06,778 (launch:348) INFO: log file: exp/asr_train_asr_s3prl_1h_eng1_1h/train.log
2026-03-13T01:54:56 (asr.sh:1513:main) Stage 12: Decoding: training_dir=exp/asr_train_asr_s3prl_1h_eng1_1h
2026-03-13T01:54:56 (asr.sh:1541:main) Generate 'exp/asr_train_asr_s3prl_1h_eng1_1h/decode_asr_asr_model_valid.loss.ave/run.sh'. You can resume the process from stage 12 using this script
2026-03-13T01:54:56 (asr.sh:1606:main) Decoding started... log: 'exp/asr_train_asr_s3prl_1h_eng1_1h/decode_asr_asr_model_valid.loss.ave/org/dev_10min_eng1/logdir/asr_inference.*.log'
2026-03-13T01:55:03 (asr.sh:1622:main) Calculating RTF & latency... log: 'exp/asr_train_asr_s3prl_1h_eng1_1h/decode_asr_asr_model_valid.loss.ave/org/dev_10min_eng1/logdir/calculate_rtf.log'
2026-03-13T01:55:03 (asr.sh:1606:main) Decoding started... log: 'exp/asr_train_asr_s3prl_1h_eng1_1h/decode_asr_asr_model_valid.loss.ave/test_10min_eng1/logdir/asr_inference.*.log'
2026-03-13T01:55:10 (asr.sh:1622:main) Calculating RTF & latency... log: 'exp/asr_train_asr_s3prl_1h_eng1_1h/decode_asr_asr_model_valid.loss.ave/test_10min_eng1/logdir/calculate_rtf.log'
2026-03-13T01:55:10 (asr.sh:1654:main) Stage 13: Scoring
/Data/janis.aiad/snlp/.venv/bin/python3 /Data/janis.aiad/snlp/models/espnet/espnet2/bin/tokenize_text.py -f 2- --input - --output - --cleaner none --token_type char --non_linguistic_symbols none --remove_non_linguistic_symbols true
/Data/janis.aiad/snlp/.venv/bin/python3 /Data/janis.aiad/snlp/models/espnet/espnet2/bin/tokenize_text.py -f 2- --input - --output - --token_type char --non_linguistic_symbols none --remove_non_linguistic_symbols true --cleaner none
2026-03-13T01:55:15 (asr.sh:1744:main) Write cer result in exp/asr_train_asr_s3prl_1h_eng1_1h/decode_asr_asr_model_valid.loss.ave/org/dev_10min_eng1/score_cer/result.txt
| Sum/Avg | 1 | 45 | 66.7 | 0.0 | 0.0 | 0.0 | 33.33 | 0.0 |
| SPKR | # Snt | # Wrd | Corr | Sub | Del | Ins | Err | S.Err |
/Data/janis.aiad/snlp/.venv/bin/python3 /Data/janis.aiad/snlp/models/espnet/espnet2/bin/tokenize_text.py -f 2- --input - --output - --cleaner none --token_type word --non_linguistic_symbols none --remove_non_linguistic_symbols true
/Data/janis.aiad/snlp/.venv/bin/python3 /Data/janis.aiad/snlp/models/espnet/espnet2/bin/tokenize_text.py -f 2- --input - --output - --token_type word --non_linguistic_symbols none --remove_non_linguistic_symbols true --cleaner none
2026-03-13T01:55:20 (asr.sh:1744:main) Write wer result in exp/asr_train_asr_s3prl_1h_eng1_1h/decode_asr_asr_model_valid.loss.ave/org/dev_10min_eng1/score_wer/result.txt
| Sum/Avg | 1 | 29 | 75.9 | 0.0 | 0.0 | 0.0 | 24.14 | 0.0 |
| SPKR | # Snt | # Wrd | Corr | Sub | Del | Ins | Err | S.Err |
/Data/janis.aiad/snlp/.venv/bin/python3 /Data/janis.aiad/snlp/models/espnet/espnet2/bin/tokenize_text.py -f 2- --input - --output - --cleaner none --token_type char --non_linguistic_symbols none --remove_non_linguistic_symbols true
/Data/janis.aiad/snlp/.venv/bin/python3 /Data/janis.aiad/snlp/models/espnet/espnet2/bin/tokenize_text.py -f 2- --input - --output - --token_type char --non_linguistic_symbols none --remove_non_linguistic_symbols true --cleaner none
2026-03-13T01:55:25 (asr.sh:1744:main) Write cer result in exp/asr_train_asr_s3prl_1h_eng1_1h/decode_asr_asr_model_valid.loss.ave/test_10min_eng1/score_cer/result.txt
| Sum/Avg | 1 | 45 | 66.7 | 0.0 | 0.0 | 0.0 | 33.33 | 0.0 |
| SPKR | # Snt | # Wrd | Corr | Sub | Del | Ins | Err | S.Err |
/Data/janis.aiad/snlp/.venv/bin/python3 /Data/janis.aiad/snlp/models/espnet/espnet2/bin/tokenize_text.py -f 2- --input - --output - --cleaner none --token_type word --non_linguistic_symbols none --remove_non_linguistic_symbols true
/Data/janis.aiad/snlp/.venv/bin/python3 /Data/janis.aiad/snlp/models/espnet/espnet2/bin/tokenize_text.py -f 2- --input - --output - --token_type word --non_linguistic_symbols none --remove_non_linguistic_symbols true --cleaner none
2026-03-13T01:55:30 (asr.sh:1744:main) Write wer result in exp/asr_train_asr_s3prl_1h_eng1_1h/decode_asr_asr_model_valid.loss.ave/test_10min_eng1/score_wer/result.txt
| Sum/Avg | 1 | 29 | 75.9 | 0.0 | 0.0 | 0.0 | 24.14 | 0.0 |
| SPKR | # Snt | # Wrd | Corr | Sub | Del | Ins | Err | S.Err |
[INFO] /Data/janis.aiad/snlp/models/espnet/egs2/ml_superb/asr1/../../../tools/activate_python.sh is not present
2026-03-13T01:55:30 (score.sh:31:main) Linguistic scoring started
2026-03-13T01:55:30 (score.sh:32:main) local/score.sh false false monolingual exp/asr_train_asr_s3prl_1h_eng1_1h
2026-03-13T01:55:30 (score.sh:35:main) Skip local/score.sh for monolingual cases
[INFO] /Data/janis.aiad/snlp/models/espnet/egs2/ml_superb/asr1/../../../tools/activate_python.sh is not present
<!-- Generated by scripts/utils/show_asr_result.sh -->
# RESULTS
## Environments
- date: `Fri Mar 13 01:55:30 CET 2026`
- python version: `3.13.0 (main, Oct 16 2024, 03:23:02) [Clang 18.1.8 ]`
- espnet2 version: `espnet2 202511`
- pytorch version: `pytorch 2.10.0+cu128`
- Git hash: `e63ab0e1a7a25dc60ed7fc9699a347f688b97286`
  - Commit date: `Thu Mar 12 17:14:00 2026 +0100`

## exp/asr_train_asr_s3prl_1h_eng1_1h
### WER

|dataset|Snt|Wrd|Corr|Sub|Del|Ins|Err|S.Err|
|---|---|---|---|---|---|---|---|---|
|decode_asr_asr_model_valid.loss.ave/test_10min_eng1|1|29|75.9|0.0|0.0|0.0|24.14|0.0|
|decode_asr_asr_model_valid.loss.ave/test_10min_eng1|1|29|75.9|0.0|0.0|0.0|24.14|0.0|

### CER

|dataset|Snt|Wrd|Corr|Sub|Del|Ins|Err|S.Err|
|---|---|---|---|---|---|---|---|---|
|decode_asr_asr_model_valid.loss.ave/test_10min_eng1|1|45|66.7|0.0|0.0|0.0|33.33|0.0|
|decode_asr_asr_model_valid.loss.ave/test_10min_eng1|1|45|66.7|0.0|0.0|0.0|33.33|0.0|

### TER

|dataset|Snt|Wrd|Corr|Sub|Del|Ins|Err|S.Err|
|---|---|---|---|---|---|---|---|---|
## exp/asr_train_asr_s3prl_1h_eng1_1h/decode_asr_asr_model_valid.loss.ave
### WER

|dataset|Snt|Wrd|Corr|Sub|Del|Ins|Err|S.Err|
|---|---|---|---|---|---|---|---|---|
|org/dev_10min_eng1|1|29|75.9|0.0|0.0|0.0|24.14|0.0|
|org/dev_10min_eng1|1|29|75.9|0.0|0.0|0.0|24.14|0.0|

### CER

|dataset|Snt|Wrd|Corr|Sub|Del|Ins|Err|S.Err|
|---|---|---|---|---|---|---|---|---|
|org/dev_10min_eng1|1|45|66.7|0.0|0.0|0.0|33.33|0.0|
|org/dev_10min_eng1|1|45|66.7|0.0|0.0|0.0|33.33|0.0|

### TER

|dataset|Snt|Wrd|Corr|Sub|Del|Ins|Err|S.Err|
|---|---|---|---|---|---|---|---|---|
2026-03-13T01:55:31 (asr.sh:1842:main) Successfully finished. [elapsed=15335s]
Done. Check exp/train_asr_s3prl_1h_eng1_1h/ and decode logs for CER.
[run_ml_superb_ssl] Done. Experiments under /Data/janis.aiad/snlp/models/espnet/egs2/ml_superb/asr1/exp/
  To watch training: tail -f /Data/janis.aiad/snlp/models/espnet/egs2/ml_superb/asr1/exp/<asr_tag>/train.log
  SSL configs use freeze_param: [frontend.upstream] and ctc_weight: 1.0 (HuBERT frozen + CTC).
