[run_ml_superb_wavjepa] REPO_ROOT=/Data/janis.aiad/snlp LANGS=eng1 DURATIONS=10min
[INFO] /Data/janis.aiad/snlp/models/espnet/egs2/ml_superb/asr1/../../../tools/activate_python.sh is not present
[run_ml_superb_wavjepa] Training + decode eng1 10min -> exp/asr_train_asr_wavjepa_10min_eng1_10min
Running ML-SUPERB mono: lang=eng1 duration=10min asr_config=conf/tuning/train_asr_wavjepa_10min.yaml (stage 5..13)
2026-03-16T18:13:13 (asr.sh:285:main) ./asr.sh --ngpu 1 --stage 5 --stop_stage 13 --nj 4 --inference_nj 2 --gpu_inference false --lang eng1 --inference_asr_model valid.loss.ave.pth --local_data_opts --duration 10min --lid false --multilingual false --single_lang eng1 --use_lm false --token_type char --feats_type raw --feats_normalize utterance_mvn --asr_config conf/tuning/train_asr_wavjepa_10min.yaml --inference_config conf/decode_asr.yaml --train_set train_10min_eng1 --valid_set dev_10min_eng1 --test_sets dev_10min_eng1 test_10min_eng1 --asr_tag train_asr_wavjepa_10min_eng1_10min --expdir exp --asr_stats_dir exp/asr_stats_eng1_10min --local_score_opts false false monolingual
[INFO] /Data/janis.aiad/snlp/models/espnet/egs2/ml_superb/asr1/../../../tools/activate_python.sh is not present
2026-03-16T18:13:13 (asr.sh:323:main) Info: The valid_set 'dev_10min_eng1' is included in the test_sets. '--eval_valid_set true' is set and 'dev_10min_eng1' is removed from the test_sets
2026-03-16T18:13:13 (asr.sh:566:main) Skipped stages:  6 7 8 9 14 15 
2026-03-16T18:13:13 (asr.sh:922:main) Stage 5: Generate character level token_list from dump/raw/org/train_10min_eng1/text
/Data/janis.aiad/snlp/.venv/bin/python3 /Data/janis.aiad/snlp/models/espnet/espnet2/bin/tokenize_text.py --token_type char --input dump/raw/lm_train.txt --output data/eng1_token_list/char/tokens.txt --non_linguistic_symbols none --field 2- --cleaner none --g2p none --write_vocabulary true --add_symbol '<blank>:0' --add_symbol '<unk>:1' --add_symbol '<sos/eos>:-1'
2026-03-16 18:13:14,954 (tokenize_text:173) INFO: OOV rate = 0.0 %
2026-03-16T18:13:15 (asr.sh:1191:main) Stage 10: ASR collect stats: train_set=dump/raw/train_10min_eng1, valid_set=dump/raw/dev_10min_eng1
2026-03-16T18:13:15 (asr.sh:1242:main) Generate 'exp/asr_stats_eng1_10min/run.sh'. You can resume the process from stage 10 using this script
2026-03-16T18:13:15 (asr.sh:1246:main) ASR collect-stats started... log: 'exp/asr_stats_eng1_10min/logdir/stats.*.log'
/Data/janis.aiad/snlp/.venv/bin/python3 /Data/janis.aiad/snlp/models/espnet/espnet2/bin/aggregate_stats_dirs.py --input_dir exp/asr_stats_eng1_10min/logdir/stats.1 --skip_sum_stats --output_dir exp/asr_stats_eng1_10min
2026-03-16T18:13:21 (asr.sh:1310:main) Stage 11: ASR Training: train_set=dump/raw/train_10min_eng1, valid_set=dump/raw/dev_10min_eng1
2026-03-16T18:13:21 (asr.sh:1409:main) Generate 'exp/asr_train_asr_wavjepa_10min_eng1_10min/run.sh'. You can resume the process from stage 11 using this script
2026-03-16T18:13:21 (asr.sh:1413:main) ASR training started... log: 'exp/asr_train_asr_wavjepa_10min_eng1_10min/train.log'
2026-03-16T18:13:21 (asr.sh:1451:main) Use ESPnet trainer
2026-03-16 18:13:21,488 (launch:94) INFO: /Data/janis.aiad/snlp/.venv/bin/python3 /Data/janis.aiad/snlp/models/espnet/espnet2/bin/launch.py --cmd 'run.pl --name exp/asr_train_asr_wavjepa_10min_eng1_10min/train.log' --log exp/asr_train_asr_wavjepa_10min_eng1_10min/train.log --ngpu 1 --num_nodes 1 --init_file_prefix exp/asr_train_asr_wavjepa_10min_eng1_10min/.dist_init_ --multiprocessing_distributed true -- python3 -m espnet2.bin.asr_train --use_preprocessor true --bpemodel none --token_type char --token_list data/eng1_token_list/char/tokens.txt --non_linguistic_symbols none --cleaner none --g2p none --valid_data_path_and_name_and_type dump/raw/dev_10min_eng1/wav.scp,speech,sound --valid_shape_file exp/asr_stats_eng1_10min/valid/speech_shape --resume true --ignore_init_mismatch false --fold_length 80000 --output_dir exp/asr_train_asr_wavjepa_10min_eng1_10min --config conf/tuning/train_asr_wavjepa_10min.yaml --frontend_conf fs=16k --train_data_path_and_name_and_type dump/raw/train_10min_eng1/wav.scp,speech,sound --train_shape_file exp/asr_stats_eng1_10min/train/speech_shape --fold_length 150 --train_data_path_and_name_and_type dump/raw/train_10min_eng1/text,text,text --train_shape_file exp/asr_stats_eng1_10min/train/text_shape.char --valid_data_path_and_name_and_type dump/raw/dev_10min_eng1/text,text,text --valid_shape_file exp/asr_stats_eng1_10min/valid/text_shape.char
2026-03-16 18:13:21,497 (launch:348) INFO: log file: exp/asr_train_asr_wavjepa_10min_eng1_10min/train.log
run.pl: job failed, log is in exp/asr_train_asr_wavjepa_10min_eng1_10min/train.log
Command '['run.pl', '--name', 'exp/asr_train_asr_wavjepa_10min_eng1_10min/train.log', '--gpu', '1', 'exp/asr_train_asr_wavjepa_10min_eng1_10min/train.log', 'python3', '-m', 'espnet2.bin.asr_train', '--use_preprocessor', 'true', '--bpemodel', 'none', '--token_type', 'char', '--token_list', 'data/eng1_token_list/char/tokens.txt', '--non_linguistic_symbols', 'none', '--cleaner', 'none', '--g2p', 'none', '--valid_data_path_and_name_and_type', 'dump/raw/dev_10min_eng1/wav.scp,speech,sound', '--valid_shape_file', 'exp/asr_stats_eng1_10min/valid/speech_shape', '--resume', 'true', '--ignore_init_mismatch', 'false', '--fold_length', '80000', '--output_dir', 'exp/asr_train_asr_wavjepa_10min_eng1_10min', '--config', 'conf/tuning/train_asr_wavjepa_10min.yaml', '--frontend_conf', 'fs=16k', '--train_data_path_and_name_and_type', 'dump/raw/train_10min_eng1/wav.scp,speech,sound', '--train_shape_file', 'exp/asr_stats_eng1_10min/train/speech_shape', '--fold_length', '150', '--train_data_path_and_name_and_type', 'dump/raw/train_10min_eng1/text,text,text', '--train_shape_file', 'exp/asr_stats_eng1_10min/train/text_shape.char', '--valid_data_path_and_name_and_type', 'dump/raw/dev_10min_eng1/text,text,text', '--valid_shape_file', 'exp/asr_stats_eng1_10min/valid/text_shape.char', '--ngpu', '1', '--multiprocessing_distributed', 'True']' returned non-zero exit status 1.
Traceback (most recent call last):
  File "<frozen runpy>", line 198, in _run_module_as_main
  File "<frozen runpy>", line 88, in _run_code
  File "/Data/janis.aiad/snlp/models/espnet/espnet2/bin/launch.py", line 384, in <module>
    main()
    ~~~~^^
  File "/Data/janis.aiad/snlp/models/espnet/espnet2/bin/launch.py", line 375, in main
    raise RuntimeError(
    ...<2 lines>...
    )
RuntimeError: 
################### The last 1000 lines of exp/asr_train_asr_wavjepa_10min_eng1_10min/train.log ###################
# python3 -m espnet2.bin.asr_train --use_preprocessor true --bpemodel none --token_type char --token_list data/eng1_token_list/char/tokens.txt --non_linguistic_symbols none --cleaner none --g2p none --valid_data_path_and_name_and_type dump/raw/dev_10min_eng1/wav.scp,speech,sound --valid_shape_file exp/asr_stats_eng1_10min/valid/speech_shape --resume true --ignore_init_mismatch false --fold_length 80000 --output_dir exp/asr_train_asr_wavjepa_10min_eng1_10min --config conf/tuning/train_asr_wavjepa_10min.yaml --frontend_conf fs=16k --train_data_path_and_name_and_type dump/raw/train_10min_eng1/wav.scp,speech,sound --train_shape_file exp/asr_stats_eng1_10min/train/speech_shape --fold_length 150 --train_data_path_and_name_and_type dump/raw/train_10min_eng1/text,text,text --train_shape_file exp/asr_stats_eng1_10min/train/text_shape.char --valid_data_path_and_name_and_type dump/raw/dev_10min_eng1/text,text,text --valid_shape_file exp/asr_stats_eng1_10min/valid/text_shape.char --max_epoch 1 --num_iters_per_epoch 2 --ngpu 1 --multiprocessing_distributed True 
# Started at Mon Mar 16 18:29:41 CET 2026
#
Failed to import Flash Attention, using ESPnet default: No module named 'flash_attn'
/Data/janis.aiad/snlp/.venv/bin/python3 /Data/janis.aiad/snlp/models/espnet/espnet2/bin/asr_train.py --use_preprocessor true --bpemodel none --token_type char --token_list data/eng1_token_list/char/tokens.txt --non_linguistic_symbols none --cleaner none --g2p none --valid_data_path_and_name_and_type dump/raw/dev_10min_eng1/wav.scp,speech,sound --valid_shape_file exp/asr_stats_eng1_10min/valid/speech_shape --resume true --ignore_init_mismatch false --fold_length 80000 --output_dir exp/asr_train_asr_wavjepa_10min_eng1_10min --config conf/tuning/train_asr_wavjepa_10min.yaml --frontend_conf fs=16k --train_data_path_and_name_and_type dump/raw/train_10min_eng1/wav.scp,speech,sound --train_shape_file exp/asr_stats_eng1_10min/train/speech_shape --fold_length 150 --train_data_path_and_name_and_type dump/raw/train_10min_eng1/text,text,text --train_shape_file exp/asr_stats_eng1_10min/train/text_shape.char --valid_data_path_and_name_and_type dump/raw/dev_10min_eng1/text,text,text --valid_shape_file exp/asr_stats_eng1_10min/valid/text_shape.char --max_epoch 1 --num_iters_per_epoch 2 --ngpu 1 --multiprocessing_distributed True
[atlas] 2026-03-16 18:29:43,597 (asr:539) INFO: Vocabulary size: 15
[atlas] 2026-03-16 18:29:44,523 (espnet_model:186) WARNING: Set decoder to none as ctc_weight==1.0
[atlas] 2026-03-16 18:29:45,248 (abs_task:1427) INFO: Setting frontend.encoder.model.mask_token.requires_grad = False
[atlas] 2026-03-16 18:29:45,248 (abs_task:1427) INFO: Setting frontend.encoder.model.pos_encoding_encoder.requires_grad = False
[atlas] 2026-03-16 18:29:45,248 (abs_task:1427) INFO: Setting frontend.encoder.model.pos_encoding_decoder.requires_grad = False
[atlas] 2026-03-16 18:29:45,248 (abs_task:1427) INFO: Setting frontend.encoder.model.extract_audio.cnns.0.0.0.weight.requires_grad = False
[atlas] 2026-03-16 18:29:45,248 (abs_task:1427) INFO: Setting frontend.encoder.model.extract_audio.cnns.0.0.2.weight.requires_grad = False
[atlas] 2026-03-16 18:29:45,248 (abs_task:1427) INFO: Setting frontend.encoder.model.extract_audio.cnns.0.0.2.bias.requires_grad = False
[atlas] 2026-03-16 18:29:45,248 (abs_task:1427) INFO: Setting frontend.encoder.model.extract_audio.cnns.0.1.0.weight.requires_grad = False
[atlas] 2026-03-16 18:29:45,248 (abs_task:1427) INFO: Setting frontend.encoder.model.extract_audio.cnns.0.2.0.weight.requires_grad = False
[atlas] 2026-03-16 18:29:45,248 (abs_task:1427) INFO: Setting frontend.encoder.model.extract_audio.cnns.0.3.0.weight.requires_grad = False
[atlas] 2026-03-16 18:29:45,248 (abs_task:1427) INFO: Setting frontend.encoder.model.extract_audio.cnns.0.4.0.weight.requires_grad = False
[atlas] 2026-03-16 18:29:45,248 (abs_task:1427) INFO: Setting frontend.encoder.model.extract_audio.cnns.0.5.0.weight.requires_grad = False
[atlas] 2026-03-16 18:29:45,248 (abs_task:1427) INFO: Setting frontend.encoder.model.extract_audio.cnns.1.0.0.weight.requires_grad = False
[atlas] 2026-03-16 18:29:45,248 (abs_task:1427) INFO: Setting frontend.encoder.model.extract_audio.cnns.1.0.2.weight.requires_grad = False
[atlas] 2026-03-16 18:29:45,248 (abs_task:1427) INFO: Setting frontend.encoder.model.extract_audio.cnns.1.0.2.bias.requires_grad = False
[atlas] 2026-03-16 18:29:45,248 (abs_task:1427) INFO: Setting frontend.encoder.model.extract_audio.cnns.1.1.0.weight.requires_grad = False
[atlas] 2026-03-16 18:29:45,248 (abs_task:1427) INFO: Setting frontend.encoder.model.extract_audio.cnns.1.2.0.weight.requires_grad = False
[atlas] 2026-03-16 18:29:45,248 (abs_task:1427) INFO: Setting frontend.encoder.model.extract_audio.cnns.1.3.0.weight.requires_grad = False
[atlas] 2026-03-16 18:29:45,248 (abs_task:1427) INFO: Setting frontend.encoder.model.extract_audio.cnns.1.4.0.weight.requires_grad = False
[atlas] 2026-03-16 18:29:45,248 (abs_task:1427) INFO: Setting frontend.encoder.model.extract_audio.cnns.1.5.0.weight.requires_grad = False
[atlas] 2026-03-16 18:29:45,248 (abs_task:1427) INFO: Setting frontend.encoder.model.feature_norms.weight.requires_grad = False
[atlas] 2026-03-16 18:29:45,248 (abs_task:1427) INFO: Setting frontend.encoder.model.feature_norms.bias.requires_grad = False
[atlas] 2026-03-16 18:29:45,248 (abs_task:1427) INFO: Setting frontend.encoder.model.encoder.layers.0.self_attn.in_proj_weight.requires_grad = False
[atlas] 2026-03-16 18:29:45,248 (abs_task:1427) INFO: Setting frontend.encoder.model.encoder.layers.0.self_attn.in_proj_bias.requires_grad = False
[atlas] 2026-03-16 18:29:45,248 (abs_task:1427) INFO: Setting frontend.encoder.model.encoder.layers.0.self_attn.out_proj.weight.requires_grad = False
[atlas] 2026-03-16 18:29:45,248 (abs_task:1427) INFO: Setting frontend.encoder.model.encoder.layers.0.self_attn.out_proj.bias.requires_grad = False
[atlas] 2026-03-16 18:29:45,248 (abs_task:1427) INFO: Setting frontend.encoder.model.encoder.layers.0.linear1.weight.requires_grad = False
[atlas] 2026-03-16 18:29:45,248 (abs_task:1427) INFO: Setting frontend.encoder.model.encoder.layers.0.linear1.bias.requires_grad = False
[atlas] 2026-03-16 18:29:45,248 (abs_task:1427) INFO: Setting frontend.encoder.model.encoder.layers.0.linear2.weight.requires_grad = False
[atlas] 2026-03-16 18:29:45,248 (abs_task:1427) INFO: Setting frontend.encoder.model.encoder.layers.0.linear2.bias.requires_grad = False
[atlas] 2026-03-16 18:29:45,248 (abs_task:1427) INFO: Setting frontend.encoder.model.encoder.layers.0.norm1.weight.requires_grad = False
[atlas] 2026-03-16 18:29:45,248 (abs_task:1427) INFO: Setting frontend.encoder.model.encoder.layers.0.norm1.bias.requires_grad = False
[atlas] 2026-03-16 18:29:45,248 (abs_task:1427) INFO: Setting frontend.encoder.model.encoder.layers.0.norm2.weight.requires_grad = False
[atlas] 2026-03-16 18:29:45,248 (abs_task:1427) INFO: Setting frontend.encoder.model.encoder.layers.0.norm2.bias.requires_grad = False
[atlas] 2026-03-16 18:29:45,248 (abs_task:1427) INFO: Setting frontend.encoder.model.encoder.layers.1.self_attn.in_proj_weight.requires_grad = False
[atlas] 2026-03-16 18:29:45,248 (abs_task:1427) INFO: Setting frontend.encoder.model.encoder.layers.1.self_attn.in_proj_bias.requires_grad = False
[atlas] 2026-03-16 18:29:45,248 (abs_task:1427) INFO: Setting frontend.encoder.model.encoder.layers.1.self_attn.out_proj.weight.requires_grad = False
[atlas] 2026-03-16 18:29:45,248 (abs_task:1427) INFO: Setting frontend.encoder.model.encoder.layers.1.self_attn.out_proj.bias.requires_grad = False
[atlas] 2026-03-16 18:29:45,248 (abs_task:1427) INFO: Setting frontend.encoder.model.encoder.layers.1.linear1.weight.requires_grad = False
[atlas] 2026-03-16 18:29:45,248 (abs_task:1427) INFO: Setting frontend.encoder.model.encoder.layers.1.linear1.bias.requires_grad = False
[atlas] 2026-03-16 18:29:45,248 (abs_task:1427) INFO: Setting frontend.encoder.model.encoder.layers.1.linear2.weight.requires_grad = False
[atlas] 2026-03-16 18:29:45,248 (abs_task:1427) INFO: Setting frontend.encoder.model.encoder.layers.1.linear2.bias.requires_grad = False
[atlas] 2026-03-16 18:29:45,248 (abs_task:1427) INFO: Setting frontend.encoder.model.encoder.layers.1.norm1.weight.requires_grad = False
[atlas] 2026-03-16 18:29:45,248 (abs_task:1427) INFO: Setting frontend.encoder.model.encoder.layers.1.norm1.bias.requires_grad = False
[atlas] 2026-03-16 18:29:45,248 (abs_task:1427) INFO: Setting frontend.encoder.model.encoder.layers.1.norm2.weight.requires_grad = False
[atlas] 2026-03-16 18:29:45,248 (abs_task:1427) INFO: Setting frontend.encoder.model.encoder.layers.1.norm2.bias.requires_grad = False
[atlas] 2026-03-16 18:29:45,248 (abs_task:1427) INFO: Setting frontend.encoder.model.encoder.layers.2.self_attn.in_proj_weight.requires_grad = False
[atlas] 2026-03-16 18:29:45,248 (abs_task:1427) INFO: Setting frontend.encoder.model.encoder.layers.2.self_attn.in_proj_bias.requires_grad = False
[atlas] 2026-03-16 18:29:45,248 (abs_task:1427) INFO: Setting frontend.encoder.model.encoder.layers.2.self_attn.out_proj.weight.requires_grad = False
[atlas] 2026-03-16 18:29:45,248 (abs_task:1427) INFO: Setting frontend.encoder.model.encoder.layers.2.self_attn.out_proj.bias.requires_grad = False
[atlas] 2026-03-16 18:29:45,248 (abs_task:1427) INFO: Setting frontend.encoder.model.encoder.layers.2.linear1.weight.requires_grad = False
[atlas] 2026-03-16 18:29:45,248 (abs_task:1427) INFO: Setting frontend.encoder.model.encoder.layers.2.linear1.bias.requires_grad = False
[atlas] 2026-03-16 18:29:45,248 (abs_task:1427) INFO: Setting frontend.encoder.model.encoder.layers.2.linear2.weight.requires_grad = False
[atlas] 2026-03-16 18:29:45,248 (abs_task:1427) INFO: Setting frontend.encoder.model.encoder.layers.2.linear2.bias.requires_grad = False
[atlas] 2026-03-16 18:29:45,248 (abs_task:1427) INFO: Setting frontend.encoder.model.encoder.layers.2.norm1.weight.requires_grad = False
[atlas] 2026-03-16 18:29:45,248 (abs_task:1427) INFO: Setting frontend.encoder.model.encoder.layers.2.norm1.bias.requires_grad = False
[atlas] 2026-03-16 18:29:45,248 (abs_task:1427) INFO: Setting frontend.encoder.model.encoder.layers.2.norm2.weight.requires_grad = False
[atlas] 2026-03-16 18:29:45,248 (abs_task:1427) INFO: Setting frontend.encoder.model.encoder.layers.2.norm2.bias.requires_grad = False
[atlas] 2026-03-16 18:29:45,248 (abs_task:1427) INFO: Setting frontend.encoder.model.encoder.layers.3.self_attn.in_proj_weight.requires_grad = False
[atlas] 2026-03-16 18:29:45,248 (abs_task:1427) INFO: Setting frontend.encoder.model.encoder.layers.3.self_attn.in_proj_bias.requires_grad = False
[atlas] 2026-03-16 18:29:45,248 (abs_task:1427) INFO: Setting frontend.encoder.model.encoder.layers.3.self_attn.out_proj.weight.requires_grad = False
[atlas] 2026-03-16 18:29:45,248 (abs_task:1427) INFO: Setting frontend.encoder.model.encoder.layers.3.self_attn.out_proj.bias.requires_grad = False
[atlas] 2026-03-16 18:29:45,248 (abs_task:1427) INFO: Setting frontend.encoder.model.encoder.layers.3.linear1.weight.requires_grad = False
[atlas] 2026-03-16 18:29:45,248 (abs_task:1427) INFO: Setting frontend.encoder.model.encoder.layers.3.linear1.bias.requires_grad = False
[atlas] 2026-03-16 18:29:45,248 (abs_task:1427) INFO: Setting frontend.encoder.model.encoder.layers.3.linear2.weight.requires_grad = False
[atlas] 2026-03-16 18:29:45,248 (abs_task:1427) INFO: Setting frontend.encoder.model.encoder.layers.3.linear2.bias.requires_grad = False
[atlas] 2026-03-16 18:29:45,248 (abs_task:1427) INFO: Setting frontend.encoder.model.encoder.layers.3.norm1.weight.requires_grad = False
[atlas] 2026-03-16 18:29:45,249 (abs_task:1427) INFO: Setting frontend.encoder.model.encoder.layers.3.norm1.bias.requires_grad = False
[atlas] 2026-03-16 18:29:45,249 (abs_task:1427) INFO: Setting frontend.encoder.model.encoder.layers.3.norm2.weight.requires_grad = False
[atlas] 2026-03-16 18:29:45,249 (abs_task:1427) INFO: Setting frontend.encoder.model.encoder.layers.3.norm2.bias.requires_grad = False
[atlas] 2026-03-16 18:29:45,249 (abs_task:1427) INFO: Setting frontend.encoder.model.encoder.layers.4.self_attn.in_proj_weight.requires_grad = False
[atlas] 2026-03-16 18:29:45,249 (abs_task:1427) INFO: Setting frontend.encoder.model.encoder.layers.4.self_attn.in_proj_bias.requires_grad = False
[atlas] 2026-03-16 18:29:45,249 (abs_task:1427) INFO: Setting frontend.encoder.model.encoder.layers.4.self_attn.out_proj.weight.requires_grad = False
[atlas] 2026-03-16 18:29:45,249 (abs_task:1427) INFO: Setting frontend.encoder.model.encoder.layers.4.self_attn.out_proj.bias.requires_grad = False
[atlas] 2026-03-16 18:29:45,249 (abs_task:1427) INFO: Setting frontend.encoder.model.encoder.layers.4.linear1.weight.requires_grad = False
[atlas] 2026-03-16 18:29:45,249 (abs_task:1427) INFO: Setting frontend.encoder.model.encoder.layers.4.linear1.bias.requires_grad = False
[atlas] 2026-03-16 18:29:45,249 (abs_task:1427) INFO: Setting frontend.encoder.model.encoder.layers.4.linear2.weight.requires_grad = False
[atlas] 2026-03-16 18:29:45,249 (abs_task:1427) INFO: Setting frontend.encoder.model.encoder.layers.4.linear2.bias.requires_grad = False
[atlas] 2026-03-16 18:29:45,249 (abs_task:1427) INFO: Setting frontend.encoder.model.encoder.layers.4.norm1.weight.requires_grad = False
[atlas] 2026-03-16 18:29:45,249 (abs_task:1427) INFO: Setting frontend.encoder.model.encoder.layers.4.norm1.bias.requires_grad = False
[atlas] 2026-03-16 18:29:45,249 (abs_task:1427) INFO: Setting frontend.encoder.model.encoder.layers.4.norm2.weight.requires_grad = False
[atlas] 2026-03-16 18:29:45,249 (abs_task:1427) INFO: Setting frontend.encoder.model.encoder.layers.4.norm2.bias.requires_grad = False
[atlas] 2026-03-16 18:29:45,249 (abs_task:1427) INFO: Setting frontend.encoder.model.encoder.layers.5.self_attn.in_proj_weight.requires_grad = False
[atlas] 2026-03-16 18:29:45,249 (abs_task:1427) INFO: Setting frontend.encoder.model.encoder.layers.5.self_attn.in_proj_bias.requires_grad = False
[atlas] 2026-03-16 18:29:45,249 (abs_task:1427) INFO: Setting frontend.encoder.model.encoder.layers.5.self_attn.out_proj.weight.requires_grad = False
[atlas] 2026-03-16 18:29:45,249 (abs_task:1427) INFO: Setting frontend.encoder.model.encoder.layers.5.self_attn.out_proj.bias.requires_grad = False
[atlas] 2026-03-16 18:29:45,249 (abs_task:1427) INFO: Setting frontend.encoder.model.encoder.layers.5.linear1.weight.requires_grad = False
[atlas] 2026-03-16 18:29:45,249 (abs_task:1427) INFO: Setting frontend.encoder.model.encoder.layers.5.linear1.bias.requires_grad = False
[atlas] 2026-03-16 18:29:45,249 (abs_task:1427) INFO: Setting frontend.encoder.model.encoder.layers.5.linear2.weight.requires_grad = False
[atlas] 2026-03-16 18:29:45,249 (abs_task:1427) INFO: Setting frontend.encoder.model.encoder.layers.5.linear2.bias.requires_grad = False
[atlas] 2026-03-16 18:29:45,249 (abs_task:1427) INFO: Setting frontend.encoder.model.encoder.layers.5.norm1.weight.requires_grad = False
[atlas] 2026-03-16 18:29:45,249 (abs_task:1427) INFO: Setting frontend.encoder.model.encoder.layers.5.norm1.bias.requires_grad = False
[atlas] 2026-03-16 18:29:45,249 (abs_task:1427) INFO: Setting frontend.encoder.model.encoder.layers.5.norm2.weight.requires_grad = False
[atlas] 2026-03-16 18:29:45,249 (abs_task:1427) INFO: Setting frontend.encoder.model.encoder.layers.5.norm2.bias.requires_grad = False
[atlas] 2026-03-16 18:29:45,249 (abs_task:1427) INFO: Setting frontend.encoder.model.encoder.layers.6.self_attn.in_proj_weight.requires_grad = False
[atlas] 2026-03-16 18:29:45,249 (abs_task:1427) INFO: Setting frontend.encoder.model.encoder.layers.6.self_attn.in_proj_bias.requires_grad = False
[atlas] 2026-03-16 18:29:45,249 (abs_task:1427) INFO: Setting frontend.encoder.model.encoder.layers.6.self_attn.out_proj.weight.requires_grad = False
[atlas] 2026-03-16 18:29:45,249 (abs_task:1427) INFO: Setting frontend.encoder.model.encoder.layers.6.self_attn.out_proj.bias.requires_grad = False
[atlas] 2026-03-16 18:29:45,249 (abs_task:1427) INFO: Setting frontend.encoder.model.encoder.layers.6.linear1.weight.requires_grad = False
[atlas] 2026-03-16 18:29:45,249 (abs_task:1427) INFO: Setting frontend.encoder.model.encoder.layers.6.linear1.bias.requires_grad = False
[atlas] 2026-03-16 18:29:45,249 (abs_task:1427) INFO: Setting frontend.encoder.model.encoder.layers.6.linear2.weight.requires_grad = False
[atlas] 2026-03-16 18:29:45,249 (abs_task:1427) INFO: Setting frontend.encoder.model.encoder.layers.6.linear2.bias.requires_grad = False
[atlas] 2026-03-16 18:29:45,249 (abs_task:1427) INFO: Setting frontend.encoder.model.encoder.layers.6.norm1.weight.requires_grad = False
[atlas] 2026-03-16 18:29:45,249 (abs_task:1427) INFO: Setting frontend.encoder.model.encoder.layers.6.norm1.bias.requires_grad = False
[atlas] 2026-03-16 18:29:45,249 (abs_task:1427) INFO: Setting frontend.encoder.model.encoder.layers.6.norm2.weight.requires_grad = False
[atlas] 2026-03-16 18:29:45,249 (abs_task:1427) INFO: Setting frontend.encoder.model.encoder.layers.6.norm2.bias.requires_grad = False
[atlas] 2026-03-16 18:29:45,249 (abs_task:1427) INFO: Setting frontend.encoder.model.encoder.layers.7.self_attn.in_proj_weight.requires_grad = False
[atlas] 2026-03-16 18:29:45,249 (abs_task:1427) INFO: Setting frontend.encoder.model.encoder.layers.7.self_attn.in_proj_bias.requires_grad = False
[atlas] 2026-03-16 18:29:45,249 (abs_task:1427) INFO: Setting frontend.encoder.model.encoder.layers.7.self_attn.out_proj.weight.requires_grad = False
[atlas] 2026-03-16 18:29:45,249 (abs_task:1427) INFO: Setting frontend.encoder.model.encoder.layers.7.self_attn.out_proj.bias.requires_grad = False
[atlas] 2026-03-16 18:29:45,249 (abs_task:1427) INFO: Setting frontend.encoder.model.encoder.layers.7.linear1.weight.requires_grad = False
[atlas] 2026-03-16 18:29:45,249 (abs_task:1427) INFO: Setting frontend.encoder.model.encoder.layers.7.linear1.bias.requires_grad = False
[atlas] 2026-03-16 18:29:45,249 (abs_task:1427) INFO: Setting frontend.encoder.model.encoder.layers.7.linear2.weight.requires_grad = False
[atlas] 2026-03-16 18:29:45,249 (abs_task:1427) INFO: Setting frontend.encoder.model.encoder.layers.7.linear2.bias.requires_grad = False
[atlas] 2026-03-16 18:29:45,249 (abs_task:1427) INFO: Setting frontend.encoder.model.encoder.layers.7.norm1.weight.requires_grad = False
[atlas] 2026-03-16 18:29:45,249 (abs_task:1427) INFO: Setting frontend.encoder.model.encoder.layers.7.norm1.bias.requires_grad = False
[atlas] 2026-03-16 18:29:45,249 (abs_task:1427) INFO: Setting frontend.encoder.model.encoder.layers.7.norm2.weight.requires_grad = False
[atlas] 2026-03-16 18:29:45,249 (abs_task:1427) INFO: Setting frontend.encoder.model.encoder.layers.7.norm2.bias.requires_grad = False
[atlas] 2026-03-16 18:29:45,249 (abs_task:1427) INFO: Setting frontend.encoder.model.encoder.layers.8.self_attn.in_proj_weight.requires_grad = False
[atlas] 2026-03-16 18:29:45,249 (abs_task:1427) INFO: Setting frontend.encoder.model.encoder.layers.8.self_attn.in_proj_bias.requires_grad = False
[atlas] 2026-03-16 18:29:45,249 (abs_task:1427) INFO: Setting frontend.encoder.model.encoder.layers.8.self_attn.out_proj.weight.requires_grad = False
[atlas] 2026-03-16 18:29:45,249 (abs_task:1427) INFO: Setting frontend.encoder.model.encoder.layers.8.self_attn.out_proj.bias.requires_grad = False
[atlas] 2026-03-16 18:29:45,249 (abs_task:1427) INFO: Setting frontend.encoder.model.encoder.layers.8.linear1.weight.requires_grad = False
[atlas] 2026-03-16 18:29:45,249 (abs_task:1427) INFO: Setting frontend.encoder.model.encoder.layers.8.linear1.bias.requires_grad = False
[atlas] 2026-03-16 18:29:45,249 (abs_task:1427) INFO: Setting frontend.encoder.model.encoder.layers.8.linear2.weight.requires_grad = False
[atlas] 2026-03-16 18:29:45,249 (abs_task:1427) INFO: Setting frontend.encoder.model.encoder.layers.8.linear2.bias.requires_grad = False
[atlas] 2026-03-16 18:29:45,249 (abs_task:1427) INFO: Setting frontend.encoder.model.encoder.layers.8.norm1.weight.requires_grad = False
[atlas] 2026-03-16 18:29:45,249 (abs_task:1427) INFO: Setting frontend.encoder.model.encoder.layers.8.norm1.bias.requires_grad = False
[atlas] 2026-03-16 18:29:45,249 (abs_task:1427) INFO: Setting frontend.encoder.model.encoder.layers.8.norm2.weight.requires_grad = False
[atlas] 2026-03-16 18:29:45,249 (abs_task:1427) INFO: Setting frontend.encoder.model.encoder.layers.8.norm2.bias.requires_grad = False
[atlas] 2026-03-16 18:29:45,249 (abs_task:1427) INFO: Setting frontend.encoder.model.encoder.layers.9.self_attn.in_proj_weight.requires_grad = False
[atlas] 2026-03-16 18:29:45,249 (abs_task:1427) INFO: Setting frontend.encoder.model.encoder.layers.9.self_attn.in_proj_bias.requires_grad = False
[atlas] 2026-03-16 18:29:45,249 (abs_task:1427) INFO: Setting frontend.encoder.model.encoder.layers.9.self_attn.out_proj.weight.requires_grad = False
[atlas] 2026-03-16 18:29:45,249 (abs_task:1427) INFO: Setting frontend.encoder.model.encoder.layers.9.self_attn.out_proj.bias.requires_grad = False
[atlas] 2026-03-16 18:29:45,249 (abs_task:1427) INFO: Setting frontend.encoder.model.encoder.layers.9.linear1.weight.requires_grad = False
[atlas] 2026-03-16 18:29:45,249 (abs_task:1427) INFO: Setting frontend.encoder.model.encoder.layers.9.linear1.bias.requires_grad = False
[atlas] 2026-03-16 18:29:45,249 (abs_task:1427) INFO: Setting frontend.encoder.model.encoder.layers.9.linear2.weight.requires_grad = False
[atlas] 2026-03-16 18:29:45,249 (abs_task:1427) INFO: Setting frontend.encoder.model.encoder.layers.9.linear2.bias.requires_grad = False
[atlas] 2026-03-16 18:29:45,249 (abs_task:1427) INFO: Setting frontend.encoder.model.encoder.layers.9.norm1.weight.requires_grad = False
[atlas] 2026-03-16 18:29:45,249 (abs_task:1427) INFO: Setting frontend.encoder.model.encoder.layers.9.norm1.bias.requires_grad = False
[atlas] 2026-03-16 18:29:45,249 (abs_task:1427) INFO: Setting frontend.encoder.model.encoder.layers.9.norm2.weight.requires_grad = False
[atlas] 2026-03-16 18:29:45,249 (abs_task:1427) INFO: Setting frontend.encoder.model.encoder.layers.9.norm2.bias.requires_grad = False
[atlas] 2026-03-16 18:29:45,249 (abs_task:1427) INFO: Setting frontend.encoder.model.encoder.layers.10.self_attn.in_proj_weight.requires_grad = False
[atlas] 2026-03-16 18:29:45,249 (abs_task:1427) INFO: Setting frontend.encoder.model.encoder.layers.10.self_attn.in_proj_bias.requires_grad = False
[atlas] 2026-03-16 18:29:45,249 (abs_task:1427) INFO: Setting frontend.encoder.model.encoder.layers.10.self_attn.out_proj.weight.requires_grad = False
[atlas] 2026-03-16 18:29:45,249 (abs_task:1427) INFO: Setting frontend.encoder.model.encoder.layers.10.self_attn.out_proj.bias.requires_grad = False
[atlas] 2026-03-16 18:29:45,249 (abs_task:1427) INFO: Setting frontend.encoder.model.encoder.layers.10.linear1.weight.requires_grad = False
[atlas] 2026-03-16 18:29:45,249 (abs_task:1427) INFO: Setting frontend.encoder.model.encoder.layers.10.linear1.bias.requires_grad = False
[atlas] 2026-03-16 18:29:45,249 (abs_task:1427) INFO: Setting frontend.encoder.model.encoder.layers.10.linear2.weight.requires_grad = False
[atlas] 2026-03-16 18:29:45,249 (abs_task:1427) INFO: Setting frontend.encoder.model.encoder.layers.10.linear2.bias.requires_grad = False
[atlas] 2026-03-16 18:29:45,249 (abs_task:1427) INFO: Setting frontend.encoder.model.encoder.layers.10.norm1.weight.requires_grad = False
[atlas] 2026-03-16 18:29:45,249 (abs_task:1427) INFO: Setting frontend.encoder.model.encoder.layers.10.norm1.bias.requires_grad = False
[atlas] 2026-03-16 18:29:45,249 (abs_task:1427) INFO: Setting frontend.encoder.model.encoder.layers.10.norm2.weight.requires_grad = False
[atlas] 2026-03-16 18:29:45,249 (abs_task:1427) INFO: Setting frontend.encoder.model.encoder.layers.10.norm2.bias.requires_grad = False
[atlas] 2026-03-16 18:29:45,249 (abs_task:1427) INFO: Setting frontend.encoder.model.encoder.layers.11.self_attn.in_proj_weight.requires_grad = False
[atlas] 2026-03-16 18:29:45,249 (abs_task:1427) INFO: Setting frontend.encoder.model.encoder.layers.11.self_attn.in_proj_bias.requires_grad = False
[atlas] 2026-03-16 18:29:45,249 (abs_task:1427) INFO: Setting frontend.encoder.model.encoder.layers.11.self_attn.out_proj.weight.requires_grad = False
[atlas] 2026-03-16 18:29:45,249 (abs_task:1427) INFO: Setting frontend.encoder.model.encoder.layers.11.self_attn.out_proj.bias.requires_grad = False
[atlas] 2026-03-16 18:29:45,249 (abs_task:1427) INFO: Setting frontend.encoder.model.encoder.layers.11.linear1.weight.requires_grad = False
[atlas] 2026-03-16 18:29:45,249 (abs_task:1427) INFO: Setting frontend.encoder.model.encoder.layers.11.linear1.bias.requires_grad = False
[atlas] 2026-03-16 18:29:45,249 (abs_task:1427) INFO: Setting frontend.encoder.model.encoder.layers.11.linear2.weight.requires_grad = False
[atlas] 2026-03-16 18:29:45,249 (abs_task:1427) INFO: Setting frontend.encoder.model.encoder.layers.11.linear2.bias.requires_grad = False
[atlas] 2026-03-16 18:29:45,249 (abs_task:1427) INFO: Setting frontend.encoder.model.encoder.layers.11.norm1.weight.requires_grad = False
[atlas] 2026-03-16 18:29:45,249 (abs_task:1427) INFO: Setting frontend.encoder.model.encoder.layers.11.norm1.bias.requires_grad = False
[atlas] 2026-03-16 18:29:45,249 (abs_task:1427) INFO: Setting frontend.encoder.model.encoder.layers.11.norm2.weight.requires_grad = False
[atlas] 2026-03-16 18:29:45,249 (abs_task:1427) INFO: Setting frontend.encoder.model.encoder.layers.11.norm2.bias.requires_grad = False
[atlas] 2026-03-16 18:29:45,249 (abs_task:1427) INFO: Setting frontend.encoder.model.encoder.norm.weight.requires_grad = False
[atlas] 2026-03-16 18:29:45,249 (abs_task:1427) INFO: Setting frontend.encoder.model.encoder.norm.bias.requires_grad = False
[atlas] 2026-03-16 18:29:45,249 (abs_task:1427) INFO: Setting frontend.encoder.model.post_extraction_mapper.weight.requires_grad = False
[atlas] 2026-03-16 18:29:45,249 (abs_task:1427) INFO: Setting frontend.encoder.model.post_extraction_mapper.bias.requires_grad = False
[atlas] 2026-03-16 18:29:45,249 (abs_task:1427) INFO: Setting frontend.encoder.model.decoder.layers.0.self_attn.in_proj_weight.requires_grad = False
[atlas] 2026-03-16 18:29:45,249 (abs_task:1427) INFO: Setting frontend.encoder.model.decoder.layers.0.self_attn.in_proj_bias.requires_grad = False
[atlas] 2026-03-16 18:29:45,249 (abs_task:1427) INFO: Setting frontend.encoder.model.decoder.layers.0.self_attn.out_proj.weight.requires_grad = False
[atlas] 2026-03-16 18:29:45,249 (abs_task:1427) INFO: Setting frontend.encoder.model.decoder.layers.0.self_attn.out_proj.bias.requires_grad = False
[atlas] 2026-03-16 18:29:45,249 (abs_task:1427) INFO: Setting frontend.encoder.model.decoder.layers.0.linear1.weight.requires_grad = False
[atlas] 2026-03-16 18:29:45,249 (abs_task:1427) INFO: Setting frontend.encoder.model.decoder.layers.0.linear1.bias.requires_grad = False
[atlas] 2026-03-16 18:29:45,249 (abs_task:1427) INFO: Setting frontend.encoder.model.decoder.layers.0.linear2.weight.requires_grad = False
[atlas] 2026-03-16 18:29:45,249 (abs_task:1427) INFO: Setting frontend.encoder.model.decoder.layers.0.linear2.bias.requires_grad = False
[atlas] 2026-03-16 18:29:45,249 (abs_task:1427) INFO: Setting frontend.encoder.model.decoder.layers.0.norm1.weight.requires_grad = False
[atlas] 2026-03-16 18:29:45,249 (abs_task:1427) INFO: Setting frontend.encoder.model.decoder.layers.0.norm1.bias.requires_grad = False
[atlas] 2026-03-16 18:29:45,249 (abs_task:1427) INFO: Setting frontend.encoder.model.decoder.layers.0.norm2.weight.requires_grad = False
[atlas] 2026-03-16 18:29:45,249 (abs_task:1427) INFO: Setting frontend.encoder.model.decoder.layers.0.norm2.bias.requires_grad = False
[atlas] 2026-03-16 18:29:45,249 (abs_task:1427) INFO: Setting frontend.encoder.model.decoder.layers.1.self_attn.in_proj_weight.requires_grad = False
[atlas] 2026-03-16 18:29:45,249 (abs_task:1427) INFO: Setting frontend.encoder.model.decoder.layers.1.self_attn.in_proj_bias.requires_grad = False
[atlas] 2026-03-16 18:29:45,249 (abs_task:1427) INFO: Setting frontend.encoder.model.decoder.layers.1.self_attn.out_proj.weight.requires_grad = False
[atlas] 2026-03-16 18:29:45,249 (abs_task:1427) INFO: Setting frontend.encoder.model.decoder.layers.1.self_attn.out_proj.bias.requires_grad = False
[atlas] 2026-03-16 18:29:45,249 (abs_task:1427) INFO: Setting frontend.encoder.model.decoder.layers.1.linear1.weight.requires_grad = False
[atlas] 2026-03-16 18:29:45,249 (abs_task:1427) INFO: Setting frontend.encoder.model.decoder.layers.1.linear1.bias.requires_grad = False
[atlas] 2026-03-16 18:29:45,249 (abs_task:1427) INFO: Setting frontend.encoder.model.decoder.layers.1.linear2.weight.requires_grad = False
[atlas] 2026-03-16 18:29:45,249 (abs_task:1427) INFO: Setting frontend.encoder.model.decoder.layers.1.linear2.bias.requires_grad = False
[atlas] 2026-03-16 18:29:45,249 (abs_task:1427) INFO: Setting frontend.encoder.model.decoder.layers.1.norm1.weight.requires_grad = False
[atlas] 2026-03-16 18:29:45,249 (abs_task:1427) INFO: Setting frontend.encoder.model.decoder.layers.1.norm1.bias.requires_grad = False
[atlas] 2026-03-16 18:29:45,249 (abs_task:1427) INFO: Setting frontend.encoder.model.decoder.layers.1.norm2.weight.requires_grad = False
[atlas] 2026-03-16 18:29:45,249 (abs_task:1427) INFO: Setting frontend.encoder.model.decoder.layers.1.norm2.bias.requires_grad = False
[atlas] 2026-03-16 18:29:45,249 (abs_task:1427) INFO: Setting frontend.encoder.model.decoder.layers.2.self_attn.in_proj_weight.requires_grad = False
[atlas] 2026-03-16 18:29:45,249 (abs_task:1427) INFO: Setting frontend.encoder.model.decoder.layers.2.self_attn.in_proj_bias.requires_grad = False
[atlas] 2026-03-16 18:29:45,249 (abs_task:1427) INFO: Setting frontend.encoder.model.decoder.layers.2.self_attn.out_proj.weight.requires_grad = False
[atlas] 2026-03-16 18:29:45,249 (abs_task:1427) INFO: Setting frontend.encoder.model.decoder.layers.2.self_attn.out_proj.bias.requires_grad = False
[atlas] 2026-03-16 18:29:45,249 (abs_task:1427) INFO: Setting frontend.encoder.model.decoder.layers.2.linear1.weight.requires_grad = False
[atlas] 2026-03-16 18:29:45,249 (abs_task:1427) INFO: Setting frontend.encoder.model.decoder.layers.2.linear1.bias.requires_grad = False
[atlas] 2026-03-16 18:29:45,249 (abs_task:1427) INFO: Setting frontend.encoder.model.decoder.layers.2.linear2.weight.requires_grad = False
[atlas] 2026-03-16 18:29:45,249 (abs_task:1427) INFO: Setting frontend.encoder.model.decoder.layers.2.linear2.bias.requires_grad = False
[atlas] 2026-03-16 18:29:45,249 (abs_task:1427) INFO: Setting frontend.encoder.model.decoder.layers.2.norm1.weight.requires_grad = False
[atlas] 2026-03-16 18:29:45,249 (abs_task:1427) INFO: Setting frontend.encoder.model.decoder.layers.2.norm1.bias.requires_grad = False
[atlas] 2026-03-16 18:29:45,249 (abs_task:1427) INFO: Setting frontend.encoder.model.decoder.layers.2.norm2.weight.requires_grad = False
[atlas] 2026-03-16 18:29:45,249 (abs_task:1427) INFO: Setting frontend.encoder.model.decoder.layers.2.norm2.bias.requires_grad = False
[atlas] 2026-03-16 18:29:45,249 (abs_task:1427) INFO: Setting frontend.encoder.model.decoder.layers.3.self_attn.in_proj_weight.requires_grad = False
[atlas] 2026-03-16 18:29:45,249 (abs_task:1427) INFO: Setting frontend.encoder.model.decoder.layers.3.self_attn.in_proj_bias.requires_grad = False
[atlas] 2026-03-16 18:29:45,249 (abs_task:1427) INFO: Setting frontend.encoder.model.decoder.layers.3.self_attn.out_proj.weight.requires_grad = False
[atlas] 2026-03-16 18:29:45,250 (abs_task:1427) INFO: Setting frontend.encoder.model.decoder.layers.3.self_attn.out_proj.bias.requires_grad = False
[atlas] 2026-03-16 18:29:45,250 (abs_task:1427) INFO: Setting frontend.encoder.model.decoder.layers.3.linear1.weight.requires_grad = False
[atlas] 2026-03-16 18:29:45,250 (abs_task:1427) INFO: Setting frontend.encoder.model.decoder.layers.3.linear1.bias.requires_grad = False
[atlas] 2026-03-16 18:29:45,250 (abs_task:1427) INFO: Setting frontend.encoder.model.decoder.layers.3.linear2.weight.requires_grad = False
[atlas] 2026-03-16 18:29:45,250 (abs_task:1427) INFO: Setting frontend.encoder.model.decoder.layers.3.linear2.bias.requires_grad = False
[atlas] 2026-03-16 18:29:45,250 (abs_task:1427) INFO: Setting frontend.encoder.model.decoder.layers.3.norm1.weight.requires_grad = False
[atlas] 2026-03-16 18:29:45,250 (abs_task:1427) INFO: Setting frontend.encoder.model.decoder.layers.3.norm1.bias.requires_grad = False
[atlas] 2026-03-16 18:29:45,250 (abs_task:1427) INFO: Setting frontend.encoder.model.decoder.layers.3.norm2.weight.requires_grad = False
[atlas] 2026-03-16 18:29:45,250 (abs_task:1427) INFO: Setting frontend.encoder.model.decoder.layers.3.norm2.bias.requires_grad = False
[atlas] 2026-03-16 18:29:45,250 (abs_task:1427) INFO: Setting frontend.encoder.model.decoder.layers.4.self_attn.in_proj_weight.requires_grad = False
[atlas] 2026-03-16 18:29:45,250 (abs_task:1427) INFO: Setting frontend.encoder.model.decoder.layers.4.self_attn.in_proj_bias.requires_grad = False
[atlas] 2026-03-16 18:29:45,250 (abs_task:1427) INFO: Setting frontend.encoder.model.decoder.layers.4.self_attn.out_proj.weight.requires_grad = False
[atlas] 2026-03-16 18:29:45,250 (abs_task:1427) INFO: Setting frontend.encoder.model.decoder.layers.4.self_attn.out_proj.bias.requires_grad = False
[atlas] 2026-03-16 18:29:45,250 (abs_task:1427) INFO: Setting frontend.encoder.model.decoder.layers.4.linear1.weight.requires_grad = False
[atlas] 2026-03-16 18:29:45,250 (abs_task:1427) INFO: Setting frontend.encoder.model.decoder.layers.4.linear1.bias.requires_grad = False
[atlas] 2026-03-16 18:29:45,250 (abs_task:1427) INFO: Setting frontend.encoder.model.decoder.layers.4.linear2.weight.requires_grad = False
[atlas] 2026-03-16 18:29:45,250 (abs_task:1427) INFO: Setting frontend.encoder.model.decoder.layers.4.linear2.bias.requires_grad = False
[atlas] 2026-03-16 18:29:45,250 (abs_task:1427) INFO: Setting frontend.encoder.model.decoder.layers.4.norm1.weight.requires_grad = False
[atlas] 2026-03-16 18:29:45,250 (abs_task:1427) INFO: Setting frontend.encoder.model.decoder.layers.4.norm1.bias.requires_grad = False
[atlas] 2026-03-16 18:29:45,250 (abs_task:1427) INFO: Setting frontend.encoder.model.decoder.layers.4.norm2.weight.requires_grad = False
[atlas] 2026-03-16 18:29:45,250 (abs_task:1427) INFO: Setting frontend.encoder.model.decoder.layers.4.norm2.bias.requires_grad = False
[atlas] 2026-03-16 18:29:45,250 (abs_task:1427) INFO: Setting frontend.encoder.model.decoder.layers.5.self_attn.in_proj_weight.requires_grad = False
[atlas] 2026-03-16 18:29:45,250 (abs_task:1427) INFO: Setting frontend.encoder.model.decoder.layers.5.self_attn.in_proj_bias.requires_grad = False
[atlas] 2026-03-16 18:29:45,250 (abs_task:1427) INFO: Setting frontend.encoder.model.decoder.layers.5.self_attn.out_proj.weight.requires_grad = False
[atlas] 2026-03-16 18:29:45,250 (abs_task:1427) INFO: Setting frontend.encoder.model.decoder.layers.5.self_attn.out_proj.bias.requires_grad = False
[atlas] 2026-03-16 18:29:45,250 (abs_task:1427) INFO: Setting frontend.encoder.model.decoder.layers.5.linear1.weight.requires_grad = False
[atlas] 2026-03-16 18:29:45,250 (abs_task:1427) INFO: Setting frontend.encoder.model.decoder.layers.5.linear1.bias.requires_grad = False
[atlas] 2026-03-16 18:29:45,250 (abs_task:1427) INFO: Setting frontend.encoder.model.decoder.layers.5.linear2.weight.requires_grad = False
[atlas] 2026-03-16 18:29:45,250 (abs_task:1427) INFO: Setting frontend.encoder.model.decoder.layers.5.linear2.bias.requires_grad = False
[atlas] 2026-03-16 18:29:45,250 (abs_task:1427) INFO: Setting frontend.encoder.model.decoder.layers.5.norm1.weight.requires_grad = False
[atlas] 2026-03-16 18:29:45,250 (abs_task:1427) INFO: Setting frontend.encoder.model.decoder.layers.5.norm1.bias.requires_grad = False
[atlas] 2026-03-16 18:29:45,250 (abs_task:1427) INFO: Setting frontend.encoder.model.decoder.layers.5.norm2.weight.requires_grad = False
[atlas] 2026-03-16 18:29:45,250 (abs_task:1427) INFO: Setting frontend.encoder.model.decoder.layers.5.norm2.bias.requires_grad = False
[atlas] 2026-03-16 18:29:45,250 (abs_task:1427) INFO: Setting frontend.encoder.model.decoder.layers.6.self_attn.in_proj_weight.requires_grad = False
[atlas] 2026-03-16 18:29:45,250 (abs_task:1427) INFO: Setting frontend.encoder.model.decoder.layers.6.self_attn.in_proj_bias.requires_grad = False
[atlas] 2026-03-16 18:29:45,250 (abs_task:1427) INFO: Setting frontend.encoder.model.decoder.layers.6.self_attn.out_proj.weight.requires_grad = False
[atlas] 2026-03-16 18:29:45,250 (abs_task:1427) INFO: Setting frontend.encoder.model.decoder.layers.6.self_attn.out_proj.bias.requires_grad = False
[atlas] 2026-03-16 18:29:45,250 (abs_task:1427) INFO: Setting frontend.encoder.model.decoder.layers.6.linear1.weight.requires_grad = False
[atlas] 2026-03-16 18:29:45,250 (abs_task:1427) INFO: Setting frontend.encoder.model.decoder.layers.6.linear1.bias.requires_grad = False
[atlas] 2026-03-16 18:29:45,250 (abs_task:1427) INFO: Setting frontend.encoder.model.decoder.layers.6.linear2.weight.requires_grad = False
[atlas] 2026-03-16 18:29:45,250 (abs_task:1427) INFO: Setting frontend.encoder.model.decoder.layers.6.linear2.bias.requires_grad = False
[atlas] 2026-03-16 18:29:45,250 (abs_task:1427) INFO: Setting frontend.encoder.model.decoder.layers.6.norm1.weight.requires_grad = False
[atlas] 2026-03-16 18:29:45,250 (abs_task:1427) INFO: Setting frontend.encoder.model.decoder.layers.6.norm1.bias.requires_grad = False
[atlas] 2026-03-16 18:29:45,250 (abs_task:1427) INFO: Setting frontend.encoder.model.decoder.layers.6.norm2.weight.requires_grad = False
[atlas] 2026-03-16 18:29:45,250 (abs_task:1427) INFO: Setting frontend.encoder.model.decoder.layers.6.norm2.bias.requires_grad = False
[atlas] 2026-03-16 18:29:45,250 (abs_task:1427) INFO: Setting frontend.encoder.model.decoder.layers.7.self_attn.in_proj_weight.requires_grad = False
[atlas] 2026-03-16 18:29:45,250 (abs_task:1427) INFO: Setting frontend.encoder.model.decoder.layers.7.self_attn.in_proj_bias.requires_grad = False
[atlas] 2026-03-16 18:29:45,250 (abs_task:1427) INFO: Setting frontend.encoder.model.decoder.layers.7.self_attn.out_proj.weight.requires_grad = False
[atlas] 2026-03-16 18:29:45,250 (abs_task:1427) INFO: Setting frontend.encoder.model.decoder.layers.7.self_attn.out_proj.bias.requires_grad = False
[atlas] 2026-03-16 18:29:45,250 (abs_task:1427) INFO: Setting frontend.encoder.model.decoder.layers.7.linear1.weight.requires_grad = False
[atlas] 2026-03-16 18:29:45,250 (abs_task:1427) INFO: Setting frontend.encoder.model.decoder.layers.7.linear1.bias.requires_grad = False
[atlas] 2026-03-16 18:29:45,250 (abs_task:1427) INFO: Setting frontend.encoder.model.decoder.layers.7.linear2.weight.requires_grad = False
[atlas] 2026-03-16 18:29:45,250 (abs_task:1427) INFO: Setting frontend.encoder.model.decoder.layers.7.linear2.bias.requires_grad = False
[atlas] 2026-03-16 18:29:45,250 (abs_task:1427) INFO: Setting frontend.encoder.model.decoder.layers.7.norm1.weight.requires_grad = False
[atlas] 2026-03-16 18:29:45,250 (abs_task:1427) INFO: Setting frontend.encoder.model.decoder.layers.7.norm1.bias.requires_grad = False
[atlas] 2026-03-16 18:29:45,250 (abs_task:1427) INFO: Setting frontend.encoder.model.decoder.layers.7.norm2.weight.requires_grad = False
[atlas] 2026-03-16 18:29:45,250 (abs_task:1427) INFO: Setting frontend.encoder.model.decoder.layers.7.norm2.bias.requires_grad = False
[atlas] 2026-03-16 18:29:45,250 (abs_task:1427) INFO: Setting frontend.encoder.model.decoder.layers.8.self_attn.in_proj_weight.requires_grad = False
[atlas] 2026-03-16 18:29:45,250 (abs_task:1427) INFO: Setting frontend.encoder.model.decoder.layers.8.self_attn.in_proj_bias.requires_grad = False
[atlas] 2026-03-16 18:29:45,250 (abs_task:1427) INFO: Setting frontend.encoder.model.decoder.layers.8.self_attn.out_proj.weight.requires_grad = False
[atlas] 2026-03-16 18:29:45,250 (abs_task:1427) INFO: Setting frontend.encoder.model.decoder.layers.8.self_attn.out_proj.bias.requires_grad = False
[atlas] 2026-03-16 18:29:45,250 (abs_task:1427) INFO: Setting frontend.encoder.model.decoder.layers.8.linear1.weight.requires_grad = False
[atlas] 2026-03-16 18:29:45,250 (abs_task:1427) INFO: Setting frontend.encoder.model.decoder.layers.8.linear1.bias.requires_grad = False
[atlas] 2026-03-16 18:29:45,250 (abs_task:1427) INFO: Setting frontend.encoder.model.decoder.layers.8.linear2.weight.requires_grad = False
[atlas] 2026-03-16 18:29:45,250 (abs_task:1427) INFO: Setting frontend.encoder.model.decoder.layers.8.linear2.bias.requires_grad = False
[atlas] 2026-03-16 18:29:45,250 (abs_task:1427) INFO: Setting frontend.encoder.model.decoder.layers.8.norm1.weight.requires_grad = False
[atlas] 2026-03-16 18:29:45,250 (abs_task:1427) INFO: Setting frontend.encoder.model.decoder.layers.8.norm1.bias.requires_grad = False
[atlas] 2026-03-16 18:29:45,250 (abs_task:1427) INFO: Setting frontend.encoder.model.decoder.layers.8.norm2.weight.requires_grad = False
[atlas] 2026-03-16 18:29:45,250 (abs_task:1427) INFO: Setting frontend.encoder.model.decoder.layers.8.norm2.bias.requires_grad = False
[atlas] 2026-03-16 18:29:45,250 (abs_task:1427) INFO: Setting frontend.encoder.model.decoder.layers.9.self_attn.in_proj_weight.requires_grad = False
[atlas] 2026-03-16 18:29:45,250 (abs_task:1427) INFO: Setting frontend.encoder.model.decoder.layers.9.self_attn.in_proj_bias.requires_grad = False
[atlas] 2026-03-16 18:29:45,250 (abs_task:1427) INFO: Setting frontend.encoder.model.decoder.layers.9.self_attn.out_proj.weight.requires_grad = False
[atlas] 2026-03-16 18:29:45,250 (abs_task:1427) INFO: Setting frontend.encoder.model.decoder.layers.9.self_attn.out_proj.bias.requires_grad = False
[atlas] 2026-03-16 18:29:45,250 (abs_task:1427) INFO: Setting frontend.encoder.model.decoder.layers.9.linear1.weight.requires_grad = False
[atlas] 2026-03-16 18:29:45,250 (abs_task:1427) INFO: Setting frontend.encoder.model.decoder.layers.9.linear1.bias.requires_grad = False
[atlas] 2026-03-16 18:29:45,250 (abs_task:1427) INFO: Setting frontend.encoder.model.decoder.layers.9.linear2.weight.requires_grad = False
[atlas] 2026-03-16 18:29:45,250 (abs_task:1427) INFO: Setting frontend.encoder.model.decoder.layers.9.linear2.bias.requires_grad = False
[atlas] 2026-03-16 18:29:45,250 (abs_task:1427) INFO: Setting frontend.encoder.model.decoder.layers.9.norm1.weight.requires_grad = False
[atlas] 2026-03-16 18:29:45,250 (abs_task:1427) INFO: Setting frontend.encoder.model.decoder.layers.9.norm1.bias.requires_grad = False
[atlas] 2026-03-16 18:29:45,250 (abs_task:1427) INFO: Setting frontend.encoder.model.decoder.layers.9.norm2.weight.requires_grad = False
[atlas] 2026-03-16 18:29:45,250 (abs_task:1427) INFO: Setting frontend.encoder.model.decoder.layers.9.norm2.bias.requires_grad = False
[atlas] 2026-03-16 18:29:45,250 (abs_task:1427) INFO: Setting frontend.encoder.model.decoder.layers.10.self_attn.in_proj_weight.requires_grad = False
[atlas] 2026-03-16 18:29:45,250 (abs_task:1427) INFO: Setting frontend.encoder.model.decoder.layers.10.self_attn.in_proj_bias.requires_grad = False
[atlas] 2026-03-16 18:29:45,250 (abs_task:1427) INFO: Setting frontend.encoder.model.decoder.layers.10.self_attn.out_proj.weight.requires_grad = False
[atlas] 2026-03-16 18:29:45,250 (abs_task:1427) INFO: Setting frontend.encoder.model.decoder.layers.10.self_attn.out_proj.bias.requires_grad = False
[atlas] 2026-03-16 18:29:45,250 (abs_task:1427) INFO: Setting frontend.encoder.model.decoder.layers.10.linear1.weight.requires_grad = False
[atlas] 2026-03-16 18:29:45,250 (abs_task:1427) INFO: Setting frontend.encoder.model.decoder.layers.10.linear1.bias.requires_grad = False
[atlas] 2026-03-16 18:29:45,250 (abs_task:1427) INFO: Setting frontend.encoder.model.decoder.layers.10.linear2.weight.requires_grad = False
[atlas] 2026-03-16 18:29:45,250 (abs_task:1427) INFO: Setting frontend.encoder.model.decoder.layers.10.linear2.bias.requires_grad = False
[atlas] 2026-03-16 18:29:45,250 (abs_task:1427) INFO: Setting frontend.encoder.model.decoder.layers.10.norm1.weight.requires_grad = False
[atlas] 2026-03-16 18:29:45,250 (abs_task:1427) INFO: Setting frontend.encoder.model.decoder.layers.10.norm1.bias.requires_grad = False
[atlas] 2026-03-16 18:29:45,250 (abs_task:1427) INFO: Setting frontend.encoder.model.decoder.layers.10.norm2.weight.requires_grad = False
[atlas] 2026-03-16 18:29:45,250 (abs_task:1427) INFO: Setting frontend.encoder.model.decoder.layers.10.norm2.bias.requires_grad = False
[atlas] 2026-03-16 18:29:45,250 (abs_task:1427) INFO: Setting frontend.encoder.model.decoder.layers.11.self_attn.in_proj_weight.requires_grad = False
[atlas] 2026-03-16 18:29:45,250 (abs_task:1427) INFO: Setting frontend.encoder.model.decoder.layers.11.self_attn.in_proj_bias.requires_grad = False
[atlas] 2026-03-16 18:29:45,250 (abs_task:1427) INFO: Setting frontend.encoder.model.decoder.layers.11.self_attn.out_proj.weight.requires_grad = False
[atlas] 2026-03-16 18:29:45,250 (abs_task:1427) INFO: Setting frontend.encoder.model.decoder.layers.11.self_attn.out_proj.bias.requires_grad = False
[atlas] 2026-03-16 18:29:45,250 (abs_task:1427) INFO: Setting frontend.encoder.model.decoder.layers.11.linear1.weight.requires_grad = False
[atlas] 2026-03-16 18:29:45,250 (abs_task:1427) INFO: Setting frontend.encoder.model.decoder.layers.11.linear1.bias.requires_grad = False
[atlas] 2026-03-16 18:29:45,250 (abs_task:1427) INFO: Setting frontend.encoder.model.decoder.layers.11.linear2.weight.requires_grad = False
[atlas] 2026-03-16 18:29:45,250 (abs_task:1427) INFO: Setting frontend.encoder.model.decoder.layers.11.linear2.bias.requires_grad = False
[atlas] 2026-03-16 18:29:45,250 (abs_task:1427) INFO: Setting frontend.encoder.model.decoder.layers.11.norm1.weight.requires_grad = False
[atlas] 2026-03-16 18:29:45,250 (abs_task:1427) INFO: Setting frontend.encoder.model.decoder.layers.11.norm1.bias.requires_grad = False
[atlas] 2026-03-16 18:29:45,250 (abs_task:1427) INFO: Setting frontend.encoder.model.decoder.layers.11.norm2.weight.requires_grad = False
[atlas] 2026-03-16 18:29:45,250 (abs_task:1427) INFO: Setting frontend.encoder.model.decoder.layers.11.norm2.bias.requires_grad = False
[atlas] 2026-03-16 18:29:45,250 (abs_task:1427) INFO: Setting frontend.encoder.model.decoder.norm.weight.requires_grad = False
[atlas] 2026-03-16 18:29:45,250 (abs_task:1427) INFO: Setting frontend.encoder.model.decoder.norm.bias.requires_grad = False
[atlas] 2026-03-16 18:29:45,250 (abs_task:1427) INFO: Setting frontend.encoder.model.decoder_to_encoder_mapper.weight.requires_grad = False
[atlas] 2026-03-16 18:29:45,250 (abs_task:1427) INFO: Setting frontend.encoder.model.decoder_to_encoder_mapper.bias.requires_grad = False
[atlas] 2026-03-16 18:29:45,250 (abs_task:1427) INFO: Setting frontend.encoder.model.encoder_to_decoder_mapper.weight.requires_grad = False
[atlas] 2026-03-16 18:29:45,250 (abs_task:1427) INFO: Setting frontend.encoder.model.encoder_to_decoder_mapper.bias.requires_grad = False
[atlas] 2026-03-16 18:29:45,250 (abs_task:1427) INFO: Setting frontend.encoder.model.teacher_encoder.layers.0.self_attn.in_proj_weight.requires_grad = False
[atlas] 2026-03-16 18:29:45,250 (abs_task:1427) INFO: Setting frontend.encoder.model.teacher_encoder.layers.0.self_attn.in_proj_bias.requires_grad = False
[atlas] 2026-03-16 18:29:45,250 (abs_task:1427) INFO: Setting frontend.encoder.model.teacher_encoder.layers.0.self_attn.out_proj.weight.requires_grad = False
[atlas] 2026-03-16 18:29:45,250 (abs_task:1427) INFO: Setting frontend.encoder.model.teacher_encoder.layers.0.self_attn.out_proj.bias.requires_grad = False
[atlas] 2026-03-16 18:29:45,250 (abs_task:1427) INFO: Setting frontend.encoder.model.teacher_encoder.layers.0.linear1.weight.requires_grad = False
[atlas] 2026-03-16 18:29:45,250 (abs_task:1427) INFO: Setting frontend.encoder.model.teacher_encoder.layers.0.linear1.bias.requires_grad = False
[atlas] 2026-03-16 18:29:45,250 (abs_task:1427) INFO: Setting frontend.encoder.model.teacher_encoder.layers.0.linear2.weight.requires_grad = False
[atlas] 2026-03-16 18:29:45,250 (abs_task:1427) INFO: Setting frontend.encoder.model.teacher_encoder.layers.0.linear2.bias.requires_grad = False
[atlas] 2026-03-16 18:29:45,250 (abs_task:1427) INFO: Setting frontend.encoder.model.teacher_encoder.layers.0.norm1.weight.requires_grad = False
[atlas] 2026-03-16 18:29:45,250 (abs_task:1427) INFO: Setting frontend.encoder.model.teacher_encoder.layers.0.norm1.bias.requires_grad = False
[atlas] 2026-03-16 18:29:45,250 (abs_task:1427) INFO: Setting frontend.encoder.model.teacher_encoder.layers.0.norm2.weight.requires_grad = False
[atlas] 2026-03-16 18:29:45,250 (abs_task:1427) INFO: Setting frontend.encoder.model.teacher_encoder.layers.0.norm2.bias.requires_grad = False
[atlas] 2026-03-16 18:29:45,250 (abs_task:1427) INFO: Setting frontend.encoder.model.teacher_encoder.layers.1.self_attn.in_proj_weight.requires_grad = False
[atlas] 2026-03-16 18:29:45,250 (abs_task:1427) INFO: Setting frontend.encoder.model.teacher_encoder.layers.1.self_attn.in_proj_bias.requires_grad = False
[atlas] 2026-03-16 18:29:45,250 (abs_task:1427) INFO: Setting frontend.encoder.model.teacher_encoder.layers.1.self_attn.out_proj.weight.requires_grad = False
[atlas] 2026-03-16 18:29:45,250 (abs_task:1427) INFO: Setting frontend.encoder.model.teacher_encoder.layers.1.self_attn.out_proj.bias.requires_grad = False
[atlas] 2026-03-16 18:29:45,250 (abs_task:1427) INFO: Setting frontend.encoder.model.teacher_encoder.layers.1.linear1.weight.requires_grad = False
[atlas] 2026-03-16 18:29:45,250 (abs_task:1427) INFO: Setting frontend.encoder.model.teacher_encoder.layers.1.linear1.bias.requires_grad = False
[atlas] 2026-03-16 18:29:45,250 (abs_task:1427) INFO: Setting frontend.encoder.model.teacher_encoder.layers.1.linear2.weight.requires_grad = False
[atlas] 2026-03-16 18:29:45,250 (abs_task:1427) INFO: Setting frontend.encoder.model.teacher_encoder.layers.1.linear2.bias.requires_grad = False
[atlas] 2026-03-16 18:29:45,250 (abs_task:1427) INFO: Setting frontend.encoder.model.teacher_encoder.layers.1.norm1.weight.requires_grad = False
[atlas] 2026-03-16 18:29:45,250 (abs_task:1427) INFO: Setting frontend.encoder.model.teacher_encoder.layers.1.norm1.bias.requires_grad = False
[atlas] 2026-03-16 18:29:45,250 (abs_task:1427) INFO: Setting frontend.encoder.model.teacher_encoder.layers.1.norm2.weight.requires_grad = False
[atlas] 2026-03-16 18:29:45,250 (abs_task:1427) INFO: Setting frontend.encoder.model.teacher_encoder.layers.1.norm2.bias.requires_grad = False
[atlas] 2026-03-16 18:29:45,250 (abs_task:1427) INFO: Setting frontend.encoder.model.teacher_encoder.layers.2.self_attn.in_proj_weight.requires_grad = False
[atlas] 2026-03-16 18:29:45,250 (abs_task:1427) INFO: Setting frontend.encoder.model.teacher_encoder.layers.2.self_attn.in_proj_bias.requires_grad = False
[atlas] 2026-03-16 18:29:45,250 (abs_task:1427) INFO: Setting frontend.encoder.model.teacher_encoder.layers.2.self_attn.out_proj.weight.requires_grad = False
[atlas] 2026-03-16 18:29:45,250 (abs_task:1427) INFO: Setting frontend.encoder.model.teacher_encoder.layers.2.self_attn.out_proj.bias.requires_grad = False
[atlas] 2026-03-16 18:29:45,250 (abs_task:1427) INFO: Setting frontend.encoder.model.teacher_encoder.layers.2.linear1.weight.requires_grad = False
[atlas] 2026-03-16 18:29:45,250 (abs_task:1427) INFO: Setting frontend.encoder.model.teacher_encoder.layers.2.linear1.bias.requires_grad = False
[atlas] 2026-03-16 18:29:45,250 (abs_task:1427) INFO: Setting frontend.encoder.model.teacher_encoder.layers.2.linear2.weight.requires_grad = False
[atlas] 2026-03-16 18:29:45,251 (abs_task:1427) INFO: Setting frontend.encoder.model.teacher_encoder.layers.2.linear2.bias.requires_grad = False
[atlas] 2026-03-16 18:29:45,251 (abs_task:1427) INFO: Setting frontend.encoder.model.teacher_encoder.layers.2.norm1.weight.requires_grad = False
[atlas] 2026-03-16 18:29:45,251 (abs_task:1427) INFO: Setting frontend.encoder.model.teacher_encoder.layers.2.norm1.bias.requires_grad = False
[atlas] 2026-03-16 18:29:45,251 (abs_task:1427) INFO: Setting frontend.encoder.model.teacher_encoder.layers.2.norm2.weight.requires_grad = False
[atlas] 2026-03-16 18:29:45,251 (abs_task:1427) INFO: Setting frontend.encoder.model.teacher_encoder.layers.2.norm2.bias.requires_grad = False
[atlas] 2026-03-16 18:29:45,251 (abs_task:1427) INFO: Setting frontend.encoder.model.teacher_encoder.layers.3.self_attn.in_proj_weight.requires_grad = False
[atlas] 2026-03-16 18:29:45,251 (abs_task:1427) INFO: Setting frontend.encoder.model.teacher_encoder.layers.3.self_attn.in_proj_bias.requires_grad = False
[atlas] 2026-03-16 18:29:45,251 (abs_task:1427) INFO: Setting frontend.encoder.model.teacher_encoder.layers.3.self_attn.out_proj.weight.requires_grad = False
[atlas] 2026-03-16 18:29:45,251 (abs_task:1427) INFO: Setting frontend.encoder.model.teacher_encoder.layers.3.self_attn.out_proj.bias.requires_grad = False
[atlas] 2026-03-16 18:29:45,251 (abs_task:1427) INFO: Setting frontend.encoder.model.teacher_encoder.layers.3.linear1.weight.requires_grad = False
[atlas] 2026-03-16 18:29:45,251 (abs_task:1427) INFO: Setting frontend.encoder.model.teacher_encoder.layers.3.linear1.bias.requires_grad = False
[atlas] 2026-03-16 18:29:45,251 (abs_task:1427) INFO: Setting frontend.encoder.model.teacher_encoder.layers.3.linear2.weight.requires_grad = False
[atlas] 2026-03-16 18:29:45,251 (abs_task:1427) INFO: Setting frontend.encoder.model.teacher_encoder.layers.3.linear2.bias.requires_grad = False
[atlas] 2026-03-16 18:29:45,251 (abs_task:1427) INFO: Setting frontend.encoder.model.teacher_encoder.layers.3.norm1.weight.requires_grad = False
[atlas] 2026-03-16 18:29:45,251 (abs_task:1427) INFO: Setting frontend.encoder.model.teacher_encoder.layers.3.norm1.bias.requires_grad = False
[atlas] 2026-03-16 18:29:45,251 (abs_task:1427) INFO: Setting frontend.encoder.model.teacher_encoder.layers.3.norm2.weight.requires_grad = False
[atlas] 2026-03-16 18:29:45,251 (abs_task:1427) INFO: Setting frontend.encoder.model.teacher_encoder.layers.3.norm2.bias.requires_grad = False
[atlas] 2026-03-16 18:29:45,251 (abs_task:1427) INFO: Setting frontend.encoder.model.teacher_encoder.layers.4.self_attn.in_proj_weight.requires_grad = False
[atlas] 2026-03-16 18:29:45,251 (abs_task:1427) INFO: Setting frontend.encoder.model.teacher_encoder.layers.4.self_attn.in_proj_bias.requires_grad = False
[atlas] 2026-03-16 18:29:45,251 (abs_task:1427) INFO: Setting frontend.encoder.model.teacher_encoder.layers.4.self_attn.out_proj.weight.requires_grad = False
[atlas] 2026-03-16 18:29:45,251 (abs_task:1427) INFO: Setting frontend.encoder.model.teacher_encoder.layers.4.self_attn.out_proj.bias.requires_grad = False
[atlas] 2026-03-16 18:29:45,251 (abs_task:1427) INFO: Setting frontend.encoder.model.teacher_encoder.layers.4.linear1.weight.requires_grad = False
[atlas] 2026-03-16 18:29:45,251 (abs_task:1427) INFO: Setting frontend.encoder.model.teacher_encoder.layers.4.linear1.bias.requires_grad = False
[atlas] 2026-03-16 18:29:45,251 (abs_task:1427) INFO: Setting frontend.encoder.model.teacher_encoder.layers.4.linear2.weight.requires_grad = False
[atlas] 2026-03-16 18:29:45,251 (abs_task:1427) INFO: Setting frontend.encoder.model.teacher_encoder.layers.4.linear2.bias.requires_grad = False
[atlas] 2026-03-16 18:29:45,251 (abs_task:1427) INFO: Setting frontend.encoder.model.teacher_encoder.layers.4.norm1.weight.requires_grad = False
[atlas] 2026-03-16 18:29:45,251 (abs_task:1427) INFO: Setting frontend.encoder.model.teacher_encoder.layers.4.norm1.bias.requires_grad = False
[atlas] 2026-03-16 18:29:45,251 (abs_task:1427) INFO: Setting frontend.encoder.model.teacher_encoder.layers.4.norm2.weight.requires_grad = False
[atlas] 2026-03-16 18:29:45,251 (abs_task:1427) INFO: Setting frontend.encoder.model.teacher_encoder.layers.4.norm2.bias.requires_grad = False
[atlas] 2026-03-16 18:29:45,251 (abs_task:1427) INFO: Setting frontend.encoder.model.teacher_encoder.layers.5.self_attn.in_proj_weight.requires_grad = False
[atlas] 2026-03-16 18:29:45,251 (abs_task:1427) INFO: Setting frontend.encoder.model.teacher_encoder.layers.5.self_attn.in_proj_bias.requires_grad = False
[atlas] 2026-03-16 18:29:45,251 (abs_task:1427) INFO: Setting frontend.encoder.model.teacher_encoder.layers.5.self_attn.out_proj.weight.requires_grad = False
[atlas] 2026-03-16 18:29:45,251 (abs_task:1427) INFO: Setting frontend.encoder.model.teacher_encoder.layers.5.self_attn.out_proj.bias.requires_grad = False
[atlas] 2026-03-16 18:29:45,251 (abs_task:1427) INFO: Setting frontend.encoder.model.teacher_encoder.layers.5.linear1.weight.requires_grad = False
[atlas] 2026-03-16 18:29:45,251 (abs_task:1427) INFO: Setting frontend.encoder.model.teacher_encoder.layers.5.linear1.bias.requires_grad = False
[atlas] 2026-03-16 18:29:45,251 (abs_task:1427) INFO: Setting frontend.encoder.model.teacher_encoder.layers.5.linear2.weight.requires_grad = False
[atlas] 2026-03-16 18:29:45,251 (abs_task:1427) INFO: Setting frontend.encoder.model.teacher_encoder.layers.5.linear2.bias.requires_grad = False
[atlas] 2026-03-16 18:29:45,251 (abs_task:1427) INFO: Setting frontend.encoder.model.teacher_encoder.layers.5.norm1.weight.requires_grad = False
[atlas] 2026-03-16 18:29:45,251 (abs_task:1427) INFO: Setting frontend.encoder.model.teacher_encoder.layers.5.norm1.bias.requires_grad = False
[atlas] 2026-03-16 18:29:45,251 (abs_task:1427) INFO: Setting frontend.encoder.model.teacher_encoder.layers.5.norm2.weight.requires_grad = False
[atlas] 2026-03-16 18:29:45,251 (abs_task:1427) INFO: Setting frontend.encoder.model.teacher_encoder.layers.5.norm2.bias.requires_grad = False
[atlas] 2026-03-16 18:29:45,251 (abs_task:1427) INFO: Setting frontend.encoder.model.teacher_encoder.layers.6.self_attn.in_proj_weight.requires_grad = False
[atlas] 2026-03-16 18:29:45,251 (abs_task:1427) INFO: Setting frontend.encoder.model.teacher_encoder.layers.6.self_attn.in_proj_bias.requires_grad = False
[atlas] 2026-03-16 18:29:45,251 (abs_task:1427) INFO: Setting frontend.encoder.model.teacher_encoder.layers.6.self_attn.out_proj.weight.requires_grad = False
[atlas] 2026-03-16 18:29:45,251 (abs_task:1427) INFO: Setting frontend.encoder.model.teacher_encoder.layers.6.self_attn.out_proj.bias.requires_grad = False
[atlas] 2026-03-16 18:29:45,251 (abs_task:1427) INFO: Setting frontend.encoder.model.teacher_encoder.layers.6.linear1.weight.requires_grad = False
[atlas] 2026-03-16 18:29:45,251 (abs_task:1427) INFO: Setting frontend.encoder.model.teacher_encoder.layers.6.linear1.bias.requires_grad = False
[atlas] 2026-03-16 18:29:45,251 (abs_task:1427) INFO: Setting frontend.encoder.model.teacher_encoder.layers.6.linear2.weight.requires_grad = False
[atlas] 2026-03-16 18:29:45,251 (abs_task:1427) INFO: Setting frontend.encoder.model.teacher_encoder.layers.6.linear2.bias.requires_grad = False
[atlas] 2026-03-16 18:29:45,251 (abs_task:1427) INFO: Setting frontend.encoder.model.teacher_encoder.layers.6.norm1.weight.requires_grad = False
[atlas] 2026-03-16 18:29:45,251 (abs_task:1427) INFO: Setting frontend.encoder.model.teacher_encoder.layers.6.norm1.bias.requires_grad = False
[atlas] 2026-03-16 18:29:45,251 (abs_task:1427) INFO: Setting frontend.encoder.model.teacher_encoder.layers.6.norm2.weight.requires_grad = False
[atlas] 2026-03-16 18:29:45,251 (abs_task:1427) INFO: Setting frontend.encoder.model.teacher_encoder.layers.6.norm2.bias.requires_grad = False
[atlas] 2026-03-16 18:29:45,251 (abs_task:1427) INFO: Setting frontend.encoder.model.teacher_encoder.layers.7.self_attn.in_proj_weight.requires_grad = False
[atlas] 2026-03-16 18:29:45,251 (abs_task:1427) INFO: Setting frontend.encoder.model.teacher_encoder.layers.7.self_attn.in_proj_bias.requires_grad = False
[atlas] 2026-03-16 18:29:45,251 (abs_task:1427) INFO: Setting frontend.encoder.model.teacher_encoder.layers.7.self_attn.out_proj.weight.requires_grad = False
[atlas] 2026-03-16 18:29:45,251 (abs_task:1427) INFO: Setting frontend.encoder.model.teacher_encoder.layers.7.self_attn.out_proj.bias.requires_grad = False
[atlas] 2026-03-16 18:29:45,251 (abs_task:1427) INFO: Setting frontend.encoder.model.teacher_encoder.layers.7.linear1.weight.requires_grad = False
[atlas] 2026-03-16 18:29:45,251 (abs_task:1427) INFO: Setting frontend.encoder.model.teacher_encoder.layers.7.linear1.bias.requires_grad = False
[atlas] 2026-03-16 18:29:45,251 (abs_task:1427) INFO: Setting frontend.encoder.model.teacher_encoder.layers.7.linear2.weight.requires_grad = False
[atlas] 2026-03-16 18:29:45,251 (abs_task:1427) INFO: Setting frontend.encoder.model.teacher_encoder.layers.7.linear2.bias.requires_grad = False
[atlas] 2026-03-16 18:29:45,251 (abs_task:1427) INFO: Setting frontend.encoder.model.teacher_encoder.layers.7.norm1.weight.requires_grad = False
[atlas] 2026-03-16 18:29:45,251 (abs_task:1427) INFO: Setting frontend.encoder.model.teacher_encoder.layers.7.norm1.bias.requires_grad = False
[atlas] 2026-03-16 18:29:45,251 (abs_task:1427) INFO: Setting frontend.encoder.model.teacher_encoder.layers.7.norm2.weight.requires_grad = False
[atlas] 2026-03-16 18:29:45,251 (abs_task:1427) INFO: Setting frontend.encoder.model.teacher_encoder.layers.7.norm2.bias.requires_grad = False
[atlas] 2026-03-16 18:29:45,251 (abs_task:1427) INFO: Setting frontend.encoder.model.teacher_encoder.layers.8.self_attn.in_proj_weight.requires_grad = False
[atlas] 2026-03-16 18:29:45,251 (abs_task:1427) INFO: Setting frontend.encoder.model.teacher_encoder.layers.8.self_attn.in_proj_bias.requires_grad = False
[atlas] 2026-03-16 18:29:45,251 (abs_task:1427) INFO: Setting frontend.encoder.model.teacher_encoder.layers.8.self_attn.out_proj.weight.requires_grad = False
[atlas] 2026-03-16 18:29:45,251 (abs_task:1427) INFO: Setting frontend.encoder.model.teacher_encoder.layers.8.self_attn.out_proj.bias.requires_grad = False
[atlas] 2026-03-16 18:29:45,251 (abs_task:1427) INFO: Setting frontend.encoder.model.teacher_encoder.layers.8.linear1.weight.requires_grad = False
[atlas] 2026-03-16 18:29:45,251 (abs_task:1427) INFO: Setting frontend.encoder.model.teacher_encoder.layers.8.linear1.bias.requires_grad = False
[atlas] 2026-03-16 18:29:45,251 (abs_task:1427) INFO: Setting frontend.encoder.model.teacher_encoder.layers.8.linear2.weight.requires_grad = False
[atlas] 2026-03-16 18:29:45,251 (abs_task:1427) INFO: Setting frontend.encoder.model.teacher_encoder.layers.8.linear2.bias.requires_grad = False
[atlas] 2026-03-16 18:29:45,251 (abs_task:1427) INFO: Setting frontend.encoder.model.teacher_encoder.layers.8.norm1.weight.requires_grad = False
[atlas] 2026-03-16 18:29:45,251 (abs_task:1427) INFO: Setting frontend.encoder.model.teacher_encoder.layers.8.norm1.bias.requires_grad = False
[atlas] 2026-03-16 18:29:45,251 (abs_task:1427) INFO: Setting frontend.encoder.model.teacher_encoder.layers.8.norm2.weight.requires_grad = False
[atlas] 2026-03-16 18:29:45,251 (abs_task:1427) INFO: Setting frontend.encoder.model.teacher_encoder.layers.8.norm2.bias.requires_grad = False
[atlas] 2026-03-16 18:29:45,251 (abs_task:1427) INFO: Setting frontend.encoder.model.teacher_encoder.layers.9.self_attn.in_proj_weight.requires_grad = False
[atlas] 2026-03-16 18:29:45,251 (abs_task:1427) INFO: Setting frontend.encoder.model.teacher_encoder.layers.9.self_attn.in_proj_bias.requires_grad = False
[atlas] 2026-03-16 18:29:45,251 (abs_task:1427) INFO: Setting frontend.encoder.model.teacher_encoder.layers.9.self_attn.out_proj.weight.requires_grad = False
[atlas] 2026-03-16 18:29:45,251 (abs_task:1427) INFO: Setting frontend.encoder.model.teacher_encoder.layers.9.self_attn.out_proj.bias.requires_grad = False
[atlas] 2026-03-16 18:29:45,251 (abs_task:1427) INFO: Setting frontend.encoder.model.teacher_encoder.layers.9.linear1.weight.requires_grad = False
[atlas] 2026-03-16 18:29:45,251 (abs_task:1427) INFO: Setting frontend.encoder.model.teacher_encoder.layers.9.linear1.bias.requires_grad = False
[atlas] 2026-03-16 18:29:45,251 (abs_task:1427) INFO: Setting frontend.encoder.model.teacher_encoder.layers.9.linear2.weight.requires_grad = False
[atlas] 2026-03-16 18:29:45,251 (abs_task:1427) INFO: Setting frontend.encoder.model.teacher_encoder.layers.9.linear2.bias.requires_grad = False
[atlas] 2026-03-16 18:29:45,251 (abs_task:1427) INFO: Setting frontend.encoder.model.teacher_encoder.layers.9.norm1.weight.requires_grad = False
[atlas] 2026-03-16 18:29:45,251 (abs_task:1427) INFO: Setting frontend.encoder.model.teacher_encoder.layers.9.norm1.bias.requires_grad = False
[atlas] 2026-03-16 18:29:45,251 (abs_task:1427) INFO: Setting frontend.encoder.model.teacher_encoder.layers.9.norm2.weight.requires_grad = False
[atlas] 2026-03-16 18:29:45,251 (abs_task:1427) INFO: Setting frontend.encoder.model.teacher_encoder.layers.9.norm2.bias.requires_grad = False
[atlas] 2026-03-16 18:29:45,251 (abs_task:1427) INFO: Setting frontend.encoder.model.teacher_encoder.layers.10.self_attn.in_proj_weight.requires_grad = False
[atlas] 2026-03-16 18:29:45,251 (abs_task:1427) INFO: Setting frontend.encoder.model.teacher_encoder.layers.10.self_attn.in_proj_bias.requires_grad = False
[atlas] 2026-03-16 18:29:45,251 (abs_task:1427) INFO: Setting frontend.encoder.model.teacher_encoder.layers.10.self_attn.out_proj.weight.requires_grad = False
[atlas] 2026-03-16 18:29:45,251 (abs_task:1427) INFO: Setting frontend.encoder.model.teacher_encoder.layers.10.self_attn.out_proj.bias.requires_grad = False
[atlas] 2026-03-16 18:29:45,251 (abs_task:1427) INFO: Setting frontend.encoder.model.teacher_encoder.layers.10.linear1.weight.requires_grad = False
[atlas] 2026-03-16 18:29:45,251 (abs_task:1427) INFO: Setting frontend.encoder.model.teacher_encoder.layers.10.linear1.bias.requires_grad = False
[atlas] 2026-03-16 18:29:45,251 (abs_task:1427) INFO: Setting frontend.encoder.model.teacher_encoder.layers.10.linear2.weight.requires_grad = False
[atlas] 2026-03-16 18:29:45,251 (abs_task:1427) INFO: Setting frontend.encoder.model.teacher_encoder.layers.10.linear2.bias.requires_grad = False
[atlas] 2026-03-16 18:29:45,251 (abs_task:1427) INFO: Setting frontend.encoder.model.teacher_encoder.layers.10.norm1.weight.requires_grad = False
[atlas] 2026-03-16 18:29:45,251 (abs_task:1427) INFO: Setting frontend.encoder.model.teacher_encoder.layers.10.norm1.bias.requires_grad = False
[atlas] 2026-03-16 18:29:45,251 (abs_task:1427) INFO: Setting frontend.encoder.model.teacher_encoder.layers.10.norm2.weight.requires_grad = False
[atlas] 2026-03-16 18:29:45,251 (abs_task:1427) INFO: Setting frontend.encoder.model.teacher_encoder.layers.10.norm2.bias.requires_grad = False
[atlas] 2026-03-16 18:29:45,251 (abs_task:1427) INFO: Setting frontend.encoder.model.teacher_encoder.layers.11.self_attn.in_proj_weight.requires_grad = False
[atlas] 2026-03-16 18:29:45,251 (abs_task:1427) INFO: Setting frontend.encoder.model.teacher_encoder.layers.11.self_attn.in_proj_bias.requires_grad = False
[atlas] 2026-03-16 18:29:45,251 (abs_task:1427) INFO: Setting frontend.encoder.model.teacher_encoder.layers.11.self_attn.out_proj.weight.requires_grad = False
[atlas] 2026-03-16 18:29:45,251 (abs_task:1427) INFO: Setting frontend.encoder.model.teacher_encoder.layers.11.self_attn.out_proj.bias.requires_grad = False
[atlas] 2026-03-16 18:29:45,251 (abs_task:1427) INFO: Setting frontend.encoder.model.teacher_encoder.layers.11.linear1.weight.requires_grad = False
[atlas] 2026-03-16 18:29:45,251 (abs_task:1427) INFO: Setting frontend.encoder.model.teacher_encoder.layers.11.linear1.bias.requires_grad = False
[atlas] 2026-03-16 18:29:45,251 (abs_task:1427) INFO: Setting frontend.encoder.model.teacher_encoder.layers.11.linear2.weight.requires_grad = False
[atlas] 2026-03-16 18:29:45,251 (abs_task:1427) INFO: Setting frontend.encoder.model.teacher_encoder.layers.11.linear2.bias.requires_grad = False
[atlas] 2026-03-16 18:29:45,251 (abs_task:1427) INFO: Setting frontend.encoder.model.teacher_encoder.layers.11.norm1.weight.requires_grad = False
[atlas] 2026-03-16 18:29:45,251 (abs_task:1427) INFO: Setting frontend.encoder.model.teacher_encoder.layers.11.norm1.bias.requires_grad = False
[atlas] 2026-03-16 18:29:45,251 (abs_task:1427) INFO: Setting frontend.encoder.model.teacher_encoder.layers.11.norm2.weight.requires_grad = False
[atlas] 2026-03-16 18:29:45,251 (abs_task:1427) INFO: Setting frontend.encoder.model.teacher_encoder.layers.11.norm2.bias.requires_grad = False
[atlas] 2026-03-16 18:29:45,251 (abs_task:1427) INFO: Setting frontend.encoder.model.teacher_encoder.norm.weight.requires_grad = False
[atlas] 2026-03-16 18:29:45,251 (abs_task:1427) INFO: Setting frontend.encoder.model.teacher_encoder.norm.bias.requires_grad = False
[atlas] 2026-03-16 18:29:45,252 (abs_task:1455) INFO: pytorch.version=2.10.0+cu128, cuda.available=True, cudnn.version=91002, cudnn.benchmark=False, cudnn.deterministic=True
[atlas] 2026-03-16 18:29:45,254 (abs_task:1456) INFO: Model structure:
ESPnetASRModel(
  (frontend): WavJEPAFrontend(
    (encoder): WavJEPANatModel(
      (model): WavJEPANat(
        (extract_audio): ConvChannelFeatureExtractor(
          (cnns): ModuleList(
            (0-1): 2 x Sequential(
              (0): Sequential(
                (0): Conv1d(1, 512, kernel_size=(10,), stride=(5,), bias=False)
                (1): Dropout(p=0.0, inplace=False)
                (2): GroupNorm(512, 512, eps=1e-05, affine=True)
                (3): GELU(approximate='none')
              )
              (1): Sequential(
                (0): Conv1d(512, 512, kernel_size=(3,), stride=(2,), bias=False)
                (1): Dropout(p=0.0, inplace=False)
                (2): GELU(approximate='none')
              )
              (2): Sequential(
                (0): Conv1d(512, 512, kernel_size=(3,), stride=(2,), bias=False)
                (1): Dropout(p=0.0, inplace=False)
                (2): GELU(approximate='none')
              )
              (3): Sequential(
                (0): Conv1d(512, 512, kernel_size=(3,), stride=(2,), bias=False)
                (1): Dropout(p=0.0, inplace=False)
                (2): GELU(approximate='none')
              )
              (4): Sequential(
                (0): Conv1d(512, 512, kernel_size=(3,), stride=(2,), bias=False)
                (1): Dropout(p=0.0, inplace=False)
                (2): GELU(approximate='none')
              )
              (5): Sequential(
                (0): Conv1d(512, 512, kernel_size=(2,), stride=(2,), bias=False)
                (1): Dropout(p=0.0, inplace=False)
                (2): GELU(approximate='none')
              )
            )
          )
        )
        (feature_norms): LayerNorm((512,), eps=1e-05, elementwise_affine=True)
        (encoder): TransformerEncoder(
          (layers): ModuleList(
            (0-11): 12 x TransformerEncoderLayer(
              (self_attn): MultiheadAttention(
                (out_proj): NonDynamicallyQuantizableLinear(in_features=768, out_features=768, bias=True)
              )
              (linear1): Linear(in_features=768, out_features=3072, bias=True)
              (dropout): Dropout(p=0.0, inplace=False)
              (linear2): Linear(in_features=3072, out_features=768, bias=True)
              (norm1): LayerNorm((768,), eps=1e-06, elementwise_affine=True)
              (norm2): LayerNorm((768,), eps=1e-06, elementwise_affine=True)
              (dropout1): Dropout(p=0.0, inplace=False)
              (dropout2): Dropout(p=0.0, inplace=False)
            )
          )
          (norm): LayerNorm((768,), eps=1e-05, elementwise_affine=True)
        )
        (post_extraction_mapper): Linear(in_features=512, out_features=768, bias=True)
        (decoder): TransformerEncoder(
          (layers): ModuleList(
            (0-11): 12 x TransformerEncoderLayer(
              (self_attn): MultiheadAttention(
                (out_proj): NonDynamicallyQuantizableLinear(in_features=384, out_features=384, bias=True)
              )
              (linear1): Linear(in_features=384, out_features=1536, bias=True)
              (dropout): Dropout(p=0.0, inplace=False)
              (linear2): Linear(in_features=1536, out_features=384, bias=True)
              (norm1): LayerNorm((384,), eps=1e-06, elementwise_affine=True)
              (norm2): LayerNorm((384,), eps=1e-06, elementwise_affine=True)
              (dropout1): Dropout(p=0.0, inplace=False)
              (dropout2): Dropout(p=0.0, inplace=False)
            )
          )
          (norm): LayerNorm((384,), eps=1e-05, elementwise_affine=True)
        )
        (decoder_to_encoder_mapper): Linear(in_features=384, out_features=768, bias=True)
        (encoder_to_decoder_mapper): Linear(in_features=768, out_features=384, bias=True)
        (teacher_encoder): TransformerEncoder(
          (layers): ModuleList(
            (0-11): 12 x TransformerEncoderLayer(
              (self_attn): MultiheadAttention(
                (out_proj): NonDynamicallyQuantizableLinear(in_features=768, out_features=768, bias=True)
              )
              (linear1): Linear(in_features=768, out_features=3072, bias=True)
              (dropout): Dropout(p=0.0, inplace=False)
              (linear2): Linear(in_features=3072, out_features=768, bias=True)
              (norm1): LayerNorm((768,), eps=1e-06, elementwise_affine=True)
              (norm2): LayerNorm((768,), eps=1e-06, elementwise_affine=True)
              (dropout1): Dropout(p=0.0, inplace=False)
              (dropout2): Dropout(p=0.0, inplace=False)
            )
          )
          (norm): LayerNorm((768,), eps=1e-05, elementwise_affine=True)
        )
      )
    )
  )
  (specaug): SpecAug(
    (time_warp): TimeWarp(window=5, mode=bicubic)
    (freq_mask): MaskAlongAxis(mask_width_range=[0, 27], num_mask=2, axis=freq)
    (time_mask): MaskAlongAxisVariableMaxWidth(mask_width_ratio_range=[0.0, 0.05], num_mask=10, axis=time)
  )
  (normalize): UtteranceMVN(norm_means=True, norm_vars=False)
  (preencoder): LinearProjection(
    (linear_out): Linear(in_features=768, out_features=80, bias=True)
    (dropout): Dropout(p=0.0, inplace=False)
  )
  (encoder): TransformerEncoder(
    (embed): Conv2dSubsampling2(
      (conv): Sequential(
        (0): Conv2d(1, 256, kernel_size=(3, 3), stride=(2, 2))
        (1): ReLU()
        (2): Conv2d(256, 256, kernel_size=(3, 3), stride=(1, 1))
        (3): ReLU()
      )
      (out): Sequential(
        (0): Linear(in_features=9472, out_features=256, bias=True)
        (1): PositionalEncoding(
          (dropout): Dropout(p=0.1, inplace=False)
        )
      )
    )
    (encoders): MultiSequential(
      (0): EncoderLayer(
        (self_attn): MultiHeadedAttention(
          (linear_q): Linear(in_features=256, out_features=256, bias=True)
          (linear_k): Linear(in_features=256, out_features=256, bias=True)
          (linear_v): Linear(in_features=256, out_features=256, bias=True)
          (linear_out): Linear(in_features=256, out_features=256, bias=True)
          (dropout): Dropout(p=0.1, inplace=False)
          (q_norm): Identity()
          (k_norm): Identity()
        )
        (feed_forward): PositionwiseFeedForward(
          (w_1): Linear(in_features=256, out_features=1024, bias=True)
          (w_2): Linear(in_features=1024, out_features=256, bias=True)
          (dropout): Dropout(p=0.1, inplace=False)
          (activation): ReLU()
        )
        (norm1): LayerNorm((256,), eps=1e-12, elementwise_affine=True)
        (norm2): LayerNorm((256,), eps=1e-12, elementwise_affine=True)
        (dropout): Dropout(p=0.1, inplace=False)
      )
      (1): EncoderLayer(
        (self_attn): MultiHeadedAttention(
          (linear_q): Linear(in_features=256, out_features=256, bias=True)
          (linear_k): Linear(in_features=256, out_features=256, bias=True)
          (linear_v): Linear(in_features=256, out_features=256, bias=True)
          (linear_out): Linear(in_features=256, out_features=256, bias=True)
          (dropout): Dropout(p=0.1, inplace=False)
          (q_norm): Identity()
          (k_norm): Identity()
        )
        (feed_forward): PositionwiseFeedForward(
          (w_1): Linear(in_features=256, out_features=1024, bias=True)
          (w_2): Linear(in_features=1024, out_features=256, bias=True)
          (dropout): Dropout(p=0.1, inplace=False)
          (activation): ReLU()
        )
        (norm1): LayerNorm((256,), eps=1e-12, elementwise_affine=True)
        (norm2): LayerNorm((256,), eps=1e-12, elementwise_affine=True)
        (dropout): Dropout(p=0.1, inplace=False)
      )
    )
    (after_norm): LayerNorm((256,), eps=1e-12, elementwise_affine=True)
  )
  (criterion_att): LabelSmoothingLoss(
    (criterion): KLDivLoss()
  )
  (ctc): CTC(
    (ctc_lo): Linear(in_features=256, out_features=15, bias=True)
    (ctc_loss): CTCLoss()
  )
)

Model summary:
    Class Name: ESPnetASRModel
    Total Number of model parameters: 204.87 M
    Number of trainable parameters: 4.66 M (2.3%)
    Size: 18.65 MB
    Type: torch.float32
[atlas] 2026-03-16 18:29:45,254 (abs_task:1459) INFO: Optimizer:
Adam (
Parameter Group 0
    amsgrad: False
    betas: (0.9, 0.999)
    capturable: False
    decoupled_weight_decay: False
    differentiable: False
    eps: 1e-08
    foreach: None
    fused: None
    lr: 0.0001
    maximize: False
    weight_decay: 1e-06
)
[atlas] 2026-03-16 18:29:45,254 (abs_task:1460) INFO: Scheduler: None
[atlas] 2026-03-16 18:29:45,255 (abs_task:1469) INFO: Saving the configuration in exp/asr_train_asr_wavjepa_10min_eng1_10min/config.yaml
[atlas] 2026-03-16 18:29:45,258 (abs_task:1885) INFO: [train] Batch sampler: SortedBatchSampler(N-batch=1, batch_size=8, shape_file=exp/asr_stats_eng1_10min/train/speech_shape, sort_in_batch=descending, sort_batch=descending)
[atlas] 2026-03-16 18:29:45,258 (abs_task:1886) INFO: [train] mini-batch sizes summary: N-batch=1, mean=2.0, min=2, max=2
[atlas] 2026-03-16 18:29:45,259 (read_text:31) INFO: keys_to_load is not None, only loading 2 keys from dump/raw/train_10min_eng1/text
[atlas] 2026-03-16 18:29:45,259 (asr:511) INFO: Optional Data Names: ('text_spk2', 'text_spk3', 'text_spk4', 'prompt')
[atlas] 2026-03-16 18:29:45,259 (abs_task:1910) INFO: [train] dataset:
ESPnetDataset(
  speech: {"path": "dump/raw/train_10min_eng1/wav.scp", "type": "sound"}
  text: {"path": "dump/raw/train_10min_eng1/text", "type": "text"}
  preprocess: <espnet2.train.preprocessor.CommonPreprocessor object at 0x7f5077afe510>)
[atlas] 2026-03-16 18:29:45,259 (abs_task:1885) INFO: [valid] Batch sampler: SortedBatchSampler(N-batch=1, batch_size=8, shape_file=exp/asr_stats_eng1_10min/valid/speech_shape, sort_in_batch=descending, sort_batch=descending)
[atlas] 2026-03-16 18:29:45,260 (abs_task:1886) INFO: [valid] mini-batch sizes summary: N-batch=1, mean=1.0, min=1, max=1
[atlas] 2026-03-16 18:29:45,260 (read_text:31) INFO: keys_to_load is not None, only loading 1 keys from dump/raw/dev_10min_eng1/text
[atlas] 2026-03-16 18:29:45,260 (asr:511) INFO: Optional Data Names: ('text_spk2', 'text_spk3', 'text_spk4', 'prompt')
[atlas] 2026-03-16 18:29:45,260 (abs_task:1910) INFO: [valid] dataset:
ESPnetDataset(
  speech: {"path": "dump/raw/dev_10min_eng1/wav.scp", "type": "sound"}
  text: {"path": "dump/raw/dev_10min_eng1/text", "type": "text"}
  preprocess: <espnet2.train.preprocessor.CommonPreprocessor object at 0x7f50779e91d0>)
[atlas] 2026-03-16 18:29:45,260 (abs_task:1885) INFO: [plot_att] Batch sampler: UnsortedBatchSampler(N-batch=1, batch_size=1, key_file=exp/asr_stats_eng1_10min/valid/speech_shape, 
[atlas] 2026-03-16 18:29:45,260 (abs_task:1886) INFO: [plot_att] mini-batch sizes summary: N-batch=1, mean=1.0, min=1, max=1
[atlas] 2026-03-16 18:29:45,260 (read_text:31) INFO: keys_to_load is not None, only loading 1 keys from dump/raw/dev_10min_eng1/text
[atlas] 2026-03-16 18:29:45,261 (asr:511) INFO: Optional Data Names: ('text_spk2', 'text_spk3', 'text_spk4', 'prompt')
[atlas] 2026-03-16 18:29:45,261 (abs_task:1910) INFO: [plot_att] dataset:
ESPnetDataset(
  speech: {"path": "dump/raw/dev_10min_eng1/wav.scp", "type": "sound"}
  text: {"path": "dump/raw/dev_10min_eng1/text", "type": "text"}
  preprocess: <espnet2.train.preprocessor.CommonPreprocessor object at 0x7f50779e9810>)
[atlas] 2026-03-16 18:29:46,247 (trainer:177) INFO: The training was resumed using exp/asr_train_asr_wavjepa_10min_eng1_10min/checkpoint.pth
[atlas] 2026-03-16 18:29:46,417 (trainer:534) INFO: The training was finished at 1 epochs 
# Accounting: time=6 threads=1
# Ended (code 0) at Mon Mar 16 18:29:47 CET 2026, elapsed time 6 seconds
# Accounting: time=4318 threads=1
# Ended (code 1) at Mon Mar 16 19:25:19 CET 2026, elapsed time 4318 seconds

